Component: ARM Compiler 5.06 update 6 (build 750) Tool: armlink [4d35ed]

==============================================================================

Section Cross References

    startup_stm32f303xe.o(STACK) refers (Special) to heapauxi.o(.text) for __use_two_region_memory
    startup_stm32f303xe.o(HEAP) refers (Special) to heapauxi.o(.text) for __use_two_region_memory
    startup_stm32f303xe.o(RESET) refers (Special) to heapauxi.o(.text) for __use_two_region_memory
    startup_stm32f303xe.o(RESET) refers to startup_stm32f303xe.o(STACK) for __initial_sp
    startup_stm32f303xe.o(RESET) refers to startup_stm32f303xe.o(.text) for Reset_Handler
    startup_stm32f303xe.o(RESET) refers to stm32f3xx_it.o(i.NMI_Handler) for NMI_Handler
    startup_stm32f303xe.o(RESET) refers to stm32f3xx_it.o(i.HardFault_Handler) for HardFault_Handler
    startup_stm32f303xe.o(RESET) refers to stm32f3xx_it.o(i.MemManage_Handler) for MemManage_Handler
    startup_stm32f303xe.o(RESET) refers to stm32f3xx_it.o(i.BusFault_Handler) for BusFault_Handler
    startup_stm32f303xe.o(RESET) refers to stm32f3xx_it.o(i.UsageFault_Handler) for UsageFault_Handler
    startup_stm32f303xe.o(RESET) refers to stm32f3xx_it.o(i.SVC_Handler) for SVC_Handler
    startup_stm32f303xe.o(RESET) refers to stm32f3xx_it.o(i.DebugMon_Handler) for DebugMon_Handler
    startup_stm32f303xe.o(RESET) refers to stm32f3xx_it.o(i.PendSV_Handler) for PendSV_Handler
    startup_stm32f303xe.o(RESET) refers to stm32f3xx_it.o(i.SysTick_Handler) for SysTick_Handler
    startup_stm32f303xe.o(.text) refers (Special) to heapauxi.o(.text) for __use_two_region_memory
    startup_stm32f303xe.o(.text) refers to system_stm32f3xx.o(i.SystemInit) for SystemInit
    startup_stm32f303xe.o(.text) refers to __main.o(!!!main) for __main
    startup_stm32f303xe.o(.text) refers to startup_stm32f303xe.o(HEAP) for Heap_Mem
    startup_stm32f303xe.o(.text) refers to startup_stm32f303xe.o(STACK) for Stack_Mem
    main.o(i.ADC_Select_CH1) refers to rt_memclr_w.o(.text) for __aeabi_memclr4
    main.o(i.ADC_Select_CH1) refers to stm32f3xx_hal_adc_ex.o(i.HAL_ADC_ConfigChannel) for HAL_ADC_ConfigChannel
    main.o(i.ADC_Select_CH1) refers to main.o(.bss) for .bss
    main.o(i.ADC_Select_CH2) refers to rt_memclr_w.o(.text) for __aeabi_memclr4
    main.o(i.ADC_Select_CH2) refers to stm32f3xx_hal_adc_ex.o(i.HAL_ADC_ConfigChannel) for HAL_ADC_ConfigChannel
    main.o(i.ADC_Select_CH2) refers to main.o(.bss) for .bss
    main.o(i.MX_ADC1_Init) refers to rt_memclr_w.o(.text) for __aeabi_memclr4
    main.o(i.MX_ADC1_Init) refers to stm32f3xx_hal_adc_ex.o(i.HAL_ADC_Init) for HAL_ADC_Init
    main.o(i.MX_ADC1_Init) refers to stm32f3xx_hal_adc_ex.o(i.HAL_ADCEx_MultiModeConfigChannel) for HAL_ADCEx_MultiModeConfigChannel
    main.o(i.MX_ADC1_Init) refers to main.o(.bss) for .bss
    main.o(i.MX_GPIO_Init) refers to rt_memclr_w.o(.text) for __aeabi_memclr4
    main.o(i.MX_GPIO_Init) refers to stm32f3xx_hal_gpio.o(i.HAL_GPIO_WritePin) for HAL_GPIO_WritePin
    main.o(i.MX_GPIO_Init) refers to stm32f3xx_hal_gpio.o(i.HAL_GPIO_Init) for HAL_GPIO_Init
    main.o(i.MX_USART1_UART_Init) refers to stm32f3xx_hal_uart.o(i.HAL_UART_Init) for HAL_UART_Init
    main.o(i.MX_USART1_UART_Init) refers to main.o(.bss) for .bss
    main.o(i.SystemClock_Config) refers to rt_memclr_w.o(.text) for __aeabi_memclr4
    main.o(i.SystemClock_Config) refers to stm32f3xx_hal_rcc.o(i.HAL_RCC_OscConfig) for HAL_RCC_OscConfig
    main.o(i.SystemClock_Config) refers to stm32f3xx_hal_rcc.o(i.HAL_RCC_ClockConfig) for HAL_RCC_ClockConfig
    main.o(i.SystemClock_Config) refers to stm32f3xx_hal_rcc_ex.o(i.HAL_RCCEx_PeriphCLKConfig) for HAL_RCCEx_PeriphCLKConfig
    main.o(i.adc_read_value) refers to main.o(i.ADC_Select_CH1) for ADC_Select_CH1
    main.o(i.adc_read_value) refers to stm32f3xx_hal_adc_ex.o(i.HAL_ADC_Start) for HAL_ADC_Start
    main.o(i.adc_read_value) refers to stm32f3xx_hal_adc_ex.o(i.HAL_ADC_PollForConversion) for HAL_ADC_PollForConversion
    main.o(i.adc_read_value) refers to stm32f3xx_hal_adc_ex.o(i.HAL_ADC_GetValue) for HAL_ADC_GetValue
    main.o(i.adc_read_value) refers to stm32f3xx_hal_adc_ex.o(i.HAL_ADC_Stop) for HAL_ADC_Stop
    main.o(i.adc_read_value) refers to main.o(.bss) for .bss
    main.o(i.main) refers to stm32f3xx_hal.o(i.HAL_Init) for HAL_Init
    main.o(i.main) refers to main.o(i.SystemClock_Config) for SystemClock_Config
    main.o(i.main) refers to main.o(i.MX_GPIO_Init) for MX_GPIO_Init
    main.o(i.main) refers to main.o(i.MX_ADC1_Init) for MX_ADC1_Init
    main.o(i.main) refers to main.o(i.MX_USART1_UART_Init) for MX_USART1_UART_Init
    main.o(i.main) refers to main.o(i.adc_read_value) for adc_read_value
    main.o(i.main) refers to main.o(i.process_data) for process_data
    main.o(i.main) refers to stm32f3xx_hal.o(i.HAL_Delay) for HAL_Delay
    main.o(i.main) refers to main.o(.data) for .data
    main.o(i.process_data) refers to stm32f3xx_hal_uart.o(i.HAL_UART_Transmit) for HAL_UART_Transmit
[...]
    Removing stm32f3xx_hal.o(i.HAL_GetTickFreq), (12 bytes).
    Removing stm32f3xx_hal.o(i.HAL_GetTickPrio), (12 bytes).
    Removing stm32f3xx_hal.o(i.HAL_GetUIDw0), (12 bytes).
    Removing stm32f3xx_hal.o(i.HAL_GetUIDw1), (12 bytes).
    Removing stm32f3xx_hal.o(i.HAL_GetUIDw2), (12 bytes).
    Removing stm32f3xx_hal.o(i.HAL_MspDeInit), (2 bytes).
    Removing stm32f3xx_hal.o(i.HAL_MspInit), (2 bytes).
    Removing stm32f3xx_hal.o(i.HAL_ResumeTick), (14 bytes).
    Removing stm32f3xx_hal.o(i.HAL_SetTickFreq), (36 bytes).
    Removing stm32f3xx_hal.o(i.HAL_SuspendTick), (14 bytes).
    Removing stm32f3xx_hal_rcc.o(.rev16_text), (4 bytes).
    Removing stm32f3xx_hal_rcc.o(.revsh_text), (4 bytes).
    Removing stm32f3xx_hal_rcc.o(.rrx_text), (6 bytes).
    Removing stm32f3xx_hal_rcc.o(i.HAL_RCC_CSSCallback), (2 bytes).
    Removing stm32f3xx_hal_rcc.o(i.HAL_RCC_DeInit), (224 bytes).
    Removing stm32f3xx_hal_rcc.o(i.HAL_RCC_DisableCSS), (28 bytes).
    Removing stm32f3xx_hal_rcc.o(i.HAL_RCC_EnableCSS), (24 bytes).
    Removing stm32f3xx_hal_rcc.o(i.HAL_RCC_GetClockConfig), (64 bytes).
    Removing stm32f3xx_hal_rcc.o(i.HAL_RCC_GetHCLKFreq), (12 bytes).
    Removing stm32f3xx_hal_rcc.o(i.HAL_RCC_GetOscConfig), (152 bytes).
    Removing stm32f3xx_hal_rcc.o(i.HAL_RCC_MCOConfig), (76 bytes).
    Removing stm32f3xx_hal_rcc.o(i.HAL_RCC_NMI_IRQHandler), (24 bytes).
    Removing stm32f3xx_hal_rcc_ex.o(.rev16_text), (4 bytes).
    Removing stm32f3xx_hal_rcc_ex.o(.revsh_text), (4 bytes).
    Removing stm32f3xx_hal_rcc_ex.o(.rrx_text), (6 bytes).
    Removing stm32f3xx_hal_rcc_ex.o(i.HAL_RCCEx_GetPeriphCLKConfig), (300 bytes).
    Removing stm32f3xx_hal_rcc_ex.o(i.HAL_RCCEx_GetPeriphCLKFreq), (724 bytes).
    Removing stm32f3xx_hal_rcc_ex.o(i.RCC_GetPLLCLKFreq), (48 bytes).
    Removing stm32f3xx_hal_rcc_ex.o(.constdata), (32 bytes).
    Removing stm32f3xx_hal_gpio.o(.rev16_text), (4 bytes).
    Removing stm32f3xx_hal_gpio.o(.revsh_text), (4 bytes).
    Removing stm32f3xx_hal_gpio.o(.rrx_text), (6 bytes).
    Removing stm32f3xx_hal_gpio.o(i.HAL_GPIO_DeInit), (348 bytes).
    Removing stm32f3xx_hal_gpio.o(i.HAL_GPIO_EXTI_Callback), (2 bytes).
    Removing stm32f3xx_hal_gpio.o(i.HAL_GPIO_EXTI_IRQHandler), (24 bytes).
    Removing stm32f3xx_hal_gpio.o(i.HAL_GPIO_LockPin), (34 bytes).
    Removing stm32f3xx_hal_gpio.o(i.HAL_GPIO_ReadPin), (10 bytes).
    Removing stm32f3xx_hal_gpio.o(i.HAL_GPIO_TogglePin), (16 bytes).
    Removing stm32f3xx_hal_dma.o(.rev16_text), (4 bytes).
    Removing stm32f3xx_hal_dma.o(.revsh_text), (4 bytes).
    Removing stm32f3xx_hal_dma.o(.rrx_text), (6 bytes).
    Removing stm32f3xx_hal_dma.o(i.DMA_CalcBaseAndBitshift), (60 bytes).
    Removing stm32f3xx_hal_dma.o(i.DMA_SetConfig), (42 bytes).
    Removing stm32f3xx_hal_dma.o(i.HAL_DMA_Abort), (70 bytes).
    Removing stm32f3xx_hal_dma.o(i.HAL_DMA_Abort_IT), (74 bytes).
    Removing stm32f3xx_hal_dma.o(i.HAL_DMA_DeInit), (78 bytes).
    Removing stm32f3xx_hal_dma.o(i.HAL_DMA_GetError), (4 bytes).
    Removing stm32f3xx_hal_dma.o(i.HAL_DMA_GetState), (6 bytes).
    Removing stm32f3xx_hal_dma.o(i.HAL_DMA_IRQHandler), (168 bytes).
    Removing stm32f3xx_hal_dma.o(i.HAL_DMA_Init), (78 bytes).
    Removing stm32f3xx_hal_dma.o(i.HAL_DMA_PollForTransfer), (206 bytes).
    Removing stm32f3xx_hal_dma.o(i.HAL_DMA_RegisterCallback), (74 bytes).
    Removing stm32f3xx_hal_dma.o(i.HAL_DMA_Start), (80 bytes).
    Removing stm32f3xx_hal_dma.o(i.HAL_DMA_Start_IT), (112 bytes).
    Removing stm32f3xx_hal_dma.o(i.HAL_DMA_UnRegisterCallback), (82 bytes).
    Removing stm32f3xx_hal_cortex.o(.rev16_text), (4 bytes).
    Removing stm32f3xx_hal_cortex.o(.revsh_text), (4 bytes).
    Removing stm32f3xx_hal_cortex.o(.rrx_text), (6 bytes).
    Removing stm32f3xx_hal_cortex.o(i.HAL_MPU_ConfigRegion), (84 bytes).
    Removing stm32f3xx_hal_cortex.o(i.HAL_MPU_Disable), (24 bytes).
    Removing stm32f3xx_hal_cortex.o(i.HAL_MPU_Enable), (28 bytes).
    Removing stm32f3xx_hal_cortex.o(i.HAL_NVIC_ClearPendingIRQ), (26 bytes).
    Removing stm32f3xx_hal_cortex.o(i.HAL_NVIC_DisableIRQ), (34 bytes).
    Removing stm32f3xx_hal_cortex.o(i.HAL_NVIC_EnableIRQ), (26 bytes).
    Removing stm32f3xx_hal_cortex.o(i.HAL_NVIC_GetActive), (36 bytes).
    Removing stm32f3xx_hal_cortex.o(i.HAL_NVIC_GetPendingIRQ), (36 bytes).
    Removing stm32f3xx_hal_cortex.o(i.HAL_NVIC_GetPriority), (82 bytes).
    Removing stm32f3xx_hal_cortex.o(i.HAL_NVIC_GetPriorityGrouping), (16 bytes).
    Removing stm32f3xx_hal_cortex.o(i.HAL_NVIC_SetPendingIRQ), (26 bytes).
    Removing stm32f3xx_hal_cortex.o(i.HAL_NVIC_SystemReset), (36 bytes).
    Removing stm32f3xx_hal_cortex.o(i.HAL_SYSTICK_CLKSourceConfig), (24 bytes).
    Removing stm32f3xx_hal_cortex.o(i.HAL_SYSTICK_Callback), (2 bytes).
    Removing stm32f3xx_hal_cortex.o(i.HAL_SYSTICK_IRQHandler), (8 bytes).
    Removing stm32f3xx_hal_pwr.o(.rev16_text), (4 bytes).
    Removing stm32f3xx_hal_pwr.o(.revsh_text), (4 bytes).
    Removing stm32f3xx_hal_pwr.o(.rrx_text), (6 bytes).
    Removing stm32f3xx_hal_pwr.o(i.HAL_PWR_DeInit), (24 bytes).
    Removing stm32f3xx_hal_pwr.o(i.HAL_PWR_DisableBkUpAccess), (16 bytes).
    Removing stm32f3xx_hal_pwr.o(i.HAL_PWR_DisableSEVOnPend), (16 bytes).
    Removing stm32f3xx_hal_pwr.o(i.HAL_PWR_DisableSleepOnExit), (16 bytes).
    Removing stm32f3xx_hal_pwr.o(i.HAL_PWR_DisableWakeUpPin), (16 bytes).
    Removing stm32f3xx_hal_pwr.o(i.HAL_PWR_EnableBkUpAccess), (16 bytes).
    Removing stm32f3xx_hal_pwr.o(i.HAL_PWR_EnableSEVOnPend), (16 bytes).
    Removing stm32f3xx_hal_pwr.o(i.HAL_PWR_EnableSleepOnExit), (16 bytes).
    Removing stm32f3xx_hal_pwr.o(i.HAL_PWR_EnableWakeUpPin), (16 bytes).
    Removing stm32f3xx_hal_pwr.o(i.HAL_PWR_EnterSLEEPMode), (32 bytes).
    Removing stm32f3xx_hal_pwr.o(i.HAL_PWR_EnterSTANDBYMode), (32 bytes).
    Removing stm32f3xx_hal_pwr.o(i.HAL_PWR_EnterSTOPMode), (56 bytes).
    Removing stm32f3xx_hal_pwr_ex.o(.rev16_text), (4 bytes).
    Removing stm32f3xx_hal_pwr_ex.o(.revsh_text), (4 bytes).
    Removing stm32f3xx_hal_pwr_ex.o(.rrx_text), (6 bytes).
    Removing stm32f3xx_hal_pwr_ex.o(i.HAL_PWR_ConfigPVD), (124 bytes).
    Removing stm32f3xx_hal_pwr_ex.o(i.HAL_PWR_DisablePVD), (16 bytes).
    Removing stm32f3xx_hal_pwr_ex.o(i.HAL_PWR_EnablePVD), (16 bytes).
    Removing stm32f3xx_hal_pwr_ex.o(i.HAL_PWR_PVDCallback), (2 bytes).
    Removing stm32f3xx_hal_pwr_ex.o(i.HAL_PWR_PVD_IRQHandler), (28 bytes).
    Removing stm32f3xx_hal_flash.o(.rev16_text), (4 bytes).
    Removing stm32f3xx_hal_flash.o(.revsh_text), (4 bytes).
    Removing stm32f3xx_hal_flash.o(.rrx_text), (6 bytes).
    Removing stm32f3xx_hal_flash.o(i.FLASH_Program_HalfWord), (28 bytes).
    Removing stm32f3xx_hal_flash.o(i.FLASH_SetErrorCode), (52 bytes).
    Removing stm32f3xx_hal_flash.o(i.FLASH_WaitForLastOperation), (80 bytes).
    Removing stm32f3xx_hal_flash.o(i.HAL_FLASH_EndOfOperationCallback), (2 bytes).
    Removing stm32f3xx_hal_flash.o(i.HAL_FLASH_GetError), (12 bytes).
    Removing stm32f3xx_hal_flash.o(i.HAL_FLASH_IRQHandler), (264 bytes).
    Removing stm32f3xx_hal_flash.o(i.HAL_FLASH_Lock), (20 bytes).
    Removing stm32f3xx_hal_flash.o(i.HAL_FLASH_OB_Launch), (24 bytes).
    Removing stm32f3xx_hal_flash.o(i.HAL_FLASH_OB_Lock), (20 bytes).
    Removing stm32f3xx_hal_flash.o(i.HAL_FLASH_OB_Unlock), (36 bytes).
    Removing stm32f3xx_hal_flash.o(i.HAL_FLASH_OperationErrorCallback), (2 bytes).
    Removing stm32f3xx_hal_flash.o(i.HAL_FLASH_Program), (128 bytes).
    Removing stm32f3xx_hal_flash.o(i.HAL_FLASH_Program_IT), (100 bytes).
    Removing stm32f3xx_hal_flash.o(i.HAL_FLASH_Unlock), (40 bytes).
    Removing stm32f3xx_hal_flash.o(.bss), (32 bytes).
    Removing stm32f3xx_hal_flash_ex.o(.rev16_text), (4 bytes).
    Removing stm32f3xx_hal_flash_ex.o(.revsh_text), (4 bytes).
    Removing stm32f3xx_hal_flash_ex.o(.rrx_text), (6 bytes).
    Removing stm32f3xx_hal_flash_ex.o(i.FLASH_MassErase), (36 bytes).
    Removing stm32f3xx_hal_flash_ex.o(i.FLASH_OB_DisableWRP), (176 bytes).
    Removing stm32f3xx_hal_flash_ex.o(i.FLASH_OB_EnableWRP), (176 bytes).
    Removing stm32f3xx_hal_flash_ex.o(i.FLASH_OB_GetRDP), (32 bytes).
    Removing stm32f3xx_hal_flash_ex.o(i.FLASH_OB_RDP_LevelConfig), (100 bytes).
    Removing stm32f3xx_hal_flash_ex.o(i.FLASH_PageErase), (36 bytes).
    Removing stm32f3xx_hal_flash_ex.o(i.HAL_FLASHEx_Erase), (168 bytes).
    Removing stm32f3xx_hal_flash_ex.o(i.HAL_FLASHEx_Erase_IT), (84 bytes).
    Removing stm32f3xx_hal_flash_ex.o(i.HAL_FLASHEx_OBErase), (84 bytes).
    Removing stm32f3xx_hal_flash_ex.o(i.HAL_FLASHEx_OBGetConfig), (48 bytes).
    Removing stm32f3xx_hal_flash_ex.o(i.HAL_FLASHEx_OBGetUserData), (48 bytes).
    Removing stm32f3xx_hal_flash_ex.o(i.HAL_FLASHEx_OBProgram), (200 bytes).
    Removing stm32f3xx_hal_i2c.o(.rev16_text), (4 bytes).
    Removing stm32f3xx_hal_i2c.o(.revsh_text), (4 bytes).
    Removing stm32f3xx_hal_i2c.o(.rrx_text), (6 bytes).
    Removing stm32f3xx_hal_i2c.o(i.HAL_I2C_AbortCpltCallback), (2 bytes).
    Removing stm32f3xx_hal_i2c.o(i.HAL_I2C_AddrCallback), (2 bytes).
    Removing stm32f3xx_hal_i2c.o(i.HAL_I2C_DeInit), (50 bytes).
    Removing stm32f3xx_hal_i2c.o(i.HAL_I2C_DisableListen_IT), (56 bytes).
    Removing stm32f3xx_hal_i2c.o(i.HAL_I2C_ER_IRQHandler), (104 bytes).
    Removing stm32f3xx_hal_i2c.o(i.HAL_I2C_EV_IRQHandler), (16 bytes).
    Removing stm32f3xx_hal_i2c.o(i.HAL_I2C_EnableListen_IT), (40 bytes).
    Removing stm32f3xx_hal_i2c.o(i.HAL_I2C_ErrorCallback), (2 bytes).
    Removing stm32f3xx_hal_i2c.o(i.HAL_I2C_GetError), (4 bytes).
    Removing stm32f3xx_hal_i2c.o(i.HAL_I2C_GetMode), (6 bytes).
    Removing stm32f3xx_hal_i2c.o(i.HAL_I2C_GetState), (6 bytes).
    Removing stm32f3xx_hal_i2c.o(i.HAL_I2C_Init), (184 bytes).
    Removing stm32f3xx_hal_i2c.o(i.HAL_I2C_IsDeviceReady), (292 bytes).
    Removing stm32f3xx_hal_i2c.o(i.HAL_I2C_ListenCpltCallback), (2 bytes).
    Removing stm32f3xx_hal_i2c.o(i.HAL_I2C_MasterRxCpltCallback), (2 bytes).
    Removing stm32f3xx_hal_i2c.o(i.HAL_I2C_MasterTxCpltCallback), (2 bytes).
    Removing stm32f3xx_hal_i2c.o(i.HAL_I2C_Master_Abort_IT), (124 bytes).
    Removing stm32f3xx_hal_i2c.o(i.HAL_I2C_Master_Receive), (292 bytes).
    Removing stm32f3xx_hal_i2c.o(i.HAL_I2C_Master_Receive_DMA), (304 bytes).
    Removing stm32f3xx_hal_i2c.o(i.HAL_I2C_Master_Receive_IT), (136 bytes).
    Removing stm32f3xx_hal_i2c.o(i.HAL_I2C_Master_Seq_Receive_DMA), (336 bytes).
    Removing stm32f3xx_hal_i2c.o(i.HAL_I2C_Master_Seq_Receive_IT), (164 bytes).
    Removing stm32f3xx_hal_i2c.o(i.HAL_I2C_Master_Seq_Transmit_DMA), (336 bytes).
    Removing stm32f3xx_hal_i2c.o(i.HAL_I2C_Master_Seq_Transmit_IT), (160 bytes).
    Removing stm32f3xx_hal_i2c.o(i.HAL_I2C_Master_Transmit), (292 bytes).
    Removing stm32f3xx_hal_i2c.o(i.HAL_I2C_Master_Transmit_DMA), (304 bytes).
    Removing stm32f3xx_hal_i2c.o(i.HAL_I2C_Master_Transmit_IT), (136 bytes).
    Removing stm32f3xx_hal_i2c.o(i.HAL_I2C_MemRxCpltCallback), (2 bytes).
    Removing stm32f3xx_hal_i2c.o(i.HAL_I2C_MemTxCpltCallback), (2 bytes).
    Removing stm32f3xx_hal_i2c.o(i.HAL_I2C_Mem_Read), (356 bytes).
    Removing stm32f3xx_hal_i2c.o(i.HAL_I2C_Mem_Read_DMA), (320 bytes).
    Removing stm32f3xx_hal_i2c.o(i.HAL_I2C_Mem_Read_IT), (204 bytes).
    Removing stm32f3xx_hal_i2c.o(i.HAL_I2C_Mem_Write), (344 bytes).
    Removing stm32f3xx_hal_i2c.o(i.HAL_I2C_Mem_Write_DMA), (312 bytes).
    Removing stm32f3xx_hal_i2c.o(i.HAL_I2C_Mem_Write_IT), (196 bytes).
    Removing stm32f3xx_hal_i2c.o(i.HAL_I2C_MspDeInit), (2 bytes).
    Removing stm32f3xx_hal_i2c.o(i.HAL_I2C_MspInit), (2 bytes).
    Removing stm32f3xx_hal_i2c.o(i.HAL_I2C_SlaveRxCpltCallback), (2 bytes).
    Removing stm32f3xx_hal_i2c.o(i.HAL_I2C_SlaveTxCpltCallback), (2 bytes).
    Removing stm32f3xx_hal_i2c.o(i.HAL_I2C_Slave_Receive), (298 bytes).
    Removing stm32f3xx_hal_i2c.o(i.HAL_I2C_Slave_Receive_DMA), (224 bytes).
    Removing stm32f3xx_hal_i2c.o(i.HAL_I2C_Slave_Receive_IT), (96 bytes).
    Removing stm32f3xx_hal_i2c.o(i.HAL_I2C_Slave_Seq_Receive_DMA), (364 bytes).
    Removing stm32f3xx_hal_i2c.o(i.HAL_I2C_Slave_Seq_Receive_IT), (200 bytes).
    Removing stm32f3xx_hal_i2c.o(i.HAL_I2C_Slave_Seq_Transmit_DMA), (364 bytes).
    Removing stm32f3xx_hal_i2c.o(i.HAL_I2C_Slave_Seq_Transmit_IT), (200 bytes).
    Removing stm32f3xx_hal_i2c.o(i.HAL_I2C_Slave_Transmit), (302 bytes).
    Removing stm32f3xx_hal_i2c.o(i.HAL_I2C_Slave_Transmit_DMA), (212 bytes).
    Removing stm32f3xx_hal_i2c.o(i.HAL_I2C_Slave_Transmit_IT), (96 bytes).
    Removing stm32f3xx_hal_i2c.o(i.I2C_ConvertOtherXferOptions), (26 bytes).
    Removing stm32f3xx_hal_i2c.o(i.I2C_DMAAbort), (20 bytes).
    Removing stm32f3xx_hal_i2c.o(i.I2C_DMAError), (18 bytes).
    Removing stm32f3xx_hal_i2c.o(i.I2C_DMAMasterReceiveCplt), (82 bytes).
    Removing stm32f3xx_hal_i2c.o(i.I2C_DMAMasterTransmitCplt), (82 bytes).
    Removing stm32f3xx_hal_i2c.o(i.I2C_DMASlaveReceiveCplt), (36 bytes).
    Removing stm32f3xx_hal_i2c.o(i.I2C_DMASlaveTransmitCplt), (30 bytes).
    Removing stm32f3xx_hal_i2c.o(i.I2C_Disable_IRQ), (94 bytes).
    Removing stm32f3xx_hal_i2c.o(i.I2C_Enable_IRQ), (104 bytes).
    Removing stm32f3xx_hal_i2c.o(i.I2C_Flush_TXDR), (34 bytes).
    Removing stm32f3xx_hal_i2c.o(i.I2C_ITAddrCplt), (140 bytes).
    Removing stm32f3xx_hal_i2c.o(i.I2C_ITError), (244 bytes).
    Removing stm32f3xx_hal_i2c.o(i.I2C_ITListenCplt), (100 bytes).
    Removing stm32f3xx_hal_i2c.o(i.I2C_ITMasterCplt), (240 bytes).
    Removing stm32f3xx_hal_i2c.o(i.I2C_ITMasterSeqCplt), (76 bytes).
    Removing stm32f3xx_hal_i2c.o(i.I2C_ITSlaveCplt), (304 bytes).
    Removing stm32f3xx_hal_i2c.o(i.I2C_ITSlaveSeqCplt), (114 bytes).
    Removing stm32f3xx_hal_i2c.o(i.I2C_IsAcknowledgeFailed), (148 bytes).
    Removing stm32f3xx_hal_i2c.o(i.I2C_Master_ISR_DMA), (272 bytes).
    Removing stm32f3xx_hal_i2c.o(i.I2C_Master_ISR_IT), (296 bytes).
    Removing stm32f3xx_hal_i2c.o(i.I2C_RequestMemoryRead), (100 bytes).
    Removing stm32f3xx_hal_i2c.o(i.I2C_RequestMemoryWrite), (100 bytes).
    Removing stm32f3xx_hal_i2c.o(i.I2C_Slave_ISR_DMA), (266 bytes).
    Removing stm32f3xx_hal_i2c.o(i.I2C_Slave_ISR_IT), (288 bytes).
    Removing stm32f3xx_hal_i2c.o(i.I2C_TransferConfig), (44 bytes).
    Removing stm32f3xx_hal_i2c.o(i.I2C_TreatErrorCallback), (42 bytes).
    Removing stm32f3xx_hal_i2c.o(i.I2C_WaitOnFlagUntilTimeout), (88 bytes).
    Removing stm32f3xx_hal_i2c.o(i.I2C_WaitOnRXNEFlagUntilTimeout), (132 bytes).
    Removing stm32f3xx_hal_i2c.o(i.I2C_WaitOnSTOPFlagUntilTimeout), (76 bytes).
    Removing stm32f3xx_hal_i2c.o(i.I2C_WaitOnTXISFlagUntilTimeout), (80 bytes).
    Removing stm32f3xx_hal_i2c_ex.o(.rev16_text), (4 bytes).
    Removing stm32f3xx_hal_i2c_ex.o(.revsh_text), (4 bytes).
    Removing stm32f3xx_hal_i2c_ex.o(.rrx_text), (6 bytes).
    Removing stm32f3xx_hal_i2c_ex.o(i.HAL_I2CEx_ConfigAnalogFilter), (86 bytes).
    Removing stm32f3xx_hal_i2c_ex.o(i.HAL_I2CEx_ConfigDigitalFilter), (82 bytes).
    Removing stm32f3xx_hal_i2c_ex.o(i.HAL_I2CEx_DisableFastModePlus), (40 bytes).
    Removing stm32f3xx_hal_i2c_ex.o(i.HAL_I2CEx_DisableWakeUp), (78 bytes).
    Removing stm32f3xx_hal_i2c_ex.o(i.HAL_I2CEx_EnableFastModePlus), (40 bytes).
    Removing stm32f3xx_hal_i2c_ex.o(i.HAL_I2CEx_EnableWakeUp), (78 bytes).
    Removing stm32f3xx_hal_exti.o(.rev16_text), (4 bytes).
    Removing stm32f3xx_hal_exti.o(.revsh_text), (4 bytes).
    Removing stm32f3xx_hal_exti.o(.rrx_text), (6 bytes).
    Removing stm32f3xx_hal_exti.o(i.HAL_EXTI_ClearConfigLine), (128 bytes).
    Removing stm32f3xx_hal_exti.o(i.HAL_EXTI_ClearPending), (28 bytes).
    Removing stm32f3xx_hal_exti.o(i.HAL_EXTI_GenerateSWI), (28 bytes).
    Removing stm32f3xx_hal_exti.o(i.HAL_EXTI_GetConfigLine), (164 bytes).
    Removing stm32f3xx_hal_exti.o(i.HAL_EXTI_GetHandle), (12 bytes).
    Removing stm32f3xx_hal_exti.o(i.HAL_EXTI_GetPending), (32 bytes).
    Removing stm32f3xx_hal_exti.o(i.HAL_EXTI_IRQHandler), (44 bytes).
    Removing stm32f3xx_hal_exti.o(i.HAL_EXTI_RegisterCallback), (14 bytes).
    Removing stm32f3xx_hal_exti.o(i.HAL_EXTI_SetConfigLine), (176 bytes).
    Removing stm32f3xx_hal_tim.o(.rev16_text), (4 bytes).
    Removing stm32f3xx_hal_tim.o(.revsh_text), (4 bytes).
    Removing stm32f3xx_hal_tim.o(.rrx_text), (6 bytes).
    Removing stm32f3xx_hal_tim_ex.o(.rev16_text), (4 bytes).
    Removing stm32f3xx_hal_tim_ex.o(.revsh_text), (4 bytes).
    Removing stm32f3xx_hal_tim_ex.o(.rrx_text), (6 bytes).
    Removing stm32f3xx_hal_uart.o(.rev16_text), (4 bytes).
    Removing stm32f3xx_hal_uart.o(.revsh_text), (4 bytes).
    Removing stm32f3xx_hal_uart.o(.rrx_text), (6 bytes).
    Removing stm32f3xx_hal_uart.o(i.HAL_HalfDuplex_EnableReceiver), (72 bytes).
    Removing stm32f3xx_hal_uart.o(i.HAL_HalfDuplex_EnableTransmitter), (72 bytes).
    Removing stm32f3xx_hal_uart.o(i.HAL_HalfDuplex_Init), (112 bytes).
    Removing stm32f3xx_hal_uart.o(i.HAL_LIN_Init), (136 bytes).
    Removing stm32f3xx_hal_uart.o(i.HAL_LIN_SendBreak), (46 bytes).
    Removing stm32f3xx_hal_uart.o(i.HAL_MultiProcessor_DisableMuteMode), (48 bytes).
    Removing stm32f3xx_hal_uart.o(i.HAL_MultiProcessor_EnableMuteMode), (48 bytes).
    Removing stm32f3xx_hal_uart.o(i.HAL_MultiProcessor_EnterMuteMode), (12 bytes).
    Removing stm32f3xx_hal_uart.o(i.HAL_MultiProcessor_Init), (134 bytes).
    Removing stm32f3xx_hal_uart.o(i.HAL_UARTEx_RxEventCallback), (2 bytes).
    Removing stm32f3xx_hal_uart.o(i.HAL_UART_Abort), (226 bytes).
    Removing stm32f3xx_hal_uart.o(i.HAL_UART_AbortCpltCallback), (2 bytes).
    Removing stm32f3xx_hal_uart.o(i.HAL_UART_AbortReceive), (162 bytes).
    Removing stm32f3xx_hal_uart.o(i.HAL_UART_AbortReceiveCpltCallback), (2 bytes).
    Removing stm32f3xx_hal_uart.o(i.HAL_UART_AbortReceive_IT), (180 bytes).
    Removing stm32f3xx_hal_uart.o(i.HAL_UART_AbortTransmit), (98 bytes).
    Removing stm32f3xx_hal_uart.o(i.HAL_UART_AbortTransmitCpltCallback), (2 bytes).
    Removing stm32f3xx_hal_uart.o(i.HAL_UART_AbortTransmit_IT), (104 bytes).
    Removing stm32f3xx_hal_uart.o(i.HAL_UART_Abort_IT), (260 bytes).
    Removing stm32f3xx_hal_uart.o(i.HAL_UART_DMAPause), (138 bytes).
    Removing stm32f3xx_hal_uart.o(i.HAL_UART_DMAResume), (126 bytes).
    Removing stm32f3xx_hal_uart.o(i.HAL_UART_DMAStop), (140 bytes).
    Removing stm32f3xx_hal_uart.o(i.HAL_UART_DeInit), (62 bytes).
    Removing stm32f3xx_hal_uart.o(i.HAL_UART_DisableReceiverTimeout), (52 bytes).
    Removing stm32f3xx_hal_uart.o(i.HAL_UART_EnableReceiverTimeout), (52 bytes).
    Removing stm32f3xx_hal_uart.o(i.HAL_UART_ErrorCallback), (2 bytes).
    Removing stm32f3xx_hal_uart.o(i.HAL_UART_GetError), (6 bytes).
    Removing stm32f3xx_hal_uart.o(i.HAL_UART_GetState), (10 bytes).
    Removing stm32f3xx_hal_uart.o(i.HAL_UART_IRQHandler), (660 bytes).
    Removing stm32f3xx_hal_uart.o(i.HAL_UART_MspDeInit), (2 bytes).
    Removing stm32f3xx_hal_uart.o(i.HAL_UART_MspInit), (2 bytes).
    Removing stm32f3xx_hal_uart.o(i.HAL_UART_Receive), (248 bytes).
    Removing stm32f3xx_hal_uart.o(i.HAL_UART_Receive_DMA), (72 bytes).
    Removing stm32f3xx_hal_uart.o(i.HAL_UART_Receive_IT), (72 bytes).
    Removing stm32f3xx_hal_uart.o(i.HAL_UART_ReceiverTimeout_Config), (14 bytes).
    Removing stm32f3xx_hal_uart.o(i.HAL_UART_RxCpltCallback), (2 bytes).
    Removing stm32f3xx_hal_uart.o(i.HAL_UART_RxHalfCpltCallback), (2 bytes).
    Removing stm32f3xx_hal_uart.o(i.HAL_UART_Transmit_DMA), (160 bytes).
    Removing stm32f3xx_hal_uart.o(i.HAL_UART_Transmit_IT), (112 bytes).
    Removing stm32f3xx_hal_uart.o(i.HAL_UART_TxCpltCallback), (2 bytes).
    Removing stm32f3xx_hal_uart.o(i.HAL_UART_TxHalfCpltCallback), (2 bytes).
    Removing stm32f3xx_hal_uart.o(i.UART_DMAAbortOnError), (20 bytes).
    Removing stm32f3xx_hal_uart.o(i.UART_DMAError), (76 bytes).
    Removing stm32f3xx_hal_uart.o(i.UART_DMAReceiveCplt), (126 bytes).
    Removing stm32f3xx_hal_uart.o(i.UART_DMARxAbortCallback), (62 bytes).
    Removing stm32f3xx_hal_uart.o(i.UART_DMARxHalfCplt), (28 bytes).
    Removing stm32f3xx_hal_uart.o(i.UART_DMARxOnlyAbortCallback), (38 bytes).
    Removing stm32f3xx_hal_uart.o(i.UART_DMATransmitCplt), (64 bytes).
    Removing stm32f3xx_hal_uart.o(i.UART_DMATxAbortCallback), (52 bytes).
    Removing stm32f3xx_hal_uart.o(i.UART_DMATxHalfCplt), (10 bytes).
    Removing stm32f3xx_hal_uart.o(i.UART_DMATxOnlyAbortCallback), (20 bytes).
    Removing stm32f3xx_hal_uart.o(i.UART_EndRxTransfer), (74 bytes).
    Removing stm32f3xx_hal_uart.o(i.UART_EndTxTransfer), (24 bytes).
    Removing stm32f3xx_hal_uart.o(i.UART_RxISR_16BIT), (158 bytes).
    Removing stm32f3xx_hal_uart.o(i.UART_RxISR_8BIT), (158 bytes).
    Removing stm32f3xx_hal_uart.o(i.UART_Start_Receive_DMA), (160 bytes).
    Removing stm32f3xx_hal_uart.o(i.UART_Start_Receive_IT), (160 bytes).
    Removing stm32f3xx_hal_uart.o(i.UART_TxISR_16BIT), (80 bytes).
    Removing stm32f3xx_hal_uart.o(i.UART_TxISR_8BIT), (76 bytes).
    Removing stm32f3xx_hal_uart_ex.o(.rev16_text), (4 bytes).
    Removing stm32f3xx_hal_uart_ex.o(.revsh_text), (4 bytes).
    Removing stm32f3xx_hal_uart_ex.o(.rrx_text), (6 bytes).
    Removing stm32f3xx_hal_uart_ex.o(i.HAL_MultiProcessorEx_AddressLength_Set), (46 bytes).
    Removing stm32f3xx_hal_uart_ex.o(i.HAL_RS485Ex_Init), (136 bytes).
    Removing stm32f3xx_hal_uart_ex.o(i.HAL_UARTEx_DisableStopMode), (46 bytes).
    Removing stm32f3xx_hal_uart_ex.o(i.HAL_UARTEx_EnableStopMode), (46 bytes).
    Removing stm32f3xx_hal_uart_ex.o(i.HAL_UARTEx_ReceiveToIdle), (304 bytes).
    Removing stm32f3xx_hal_uart_ex.o(i.HAL_UARTEx_ReceiveToIdle_DMA), (80 bytes).
    Removing stm32f3xx_hal_uart_ex.o(i.HAL_UARTEx_ReceiveToIdle_IT), (80 bytes).
    Removing stm32f3xx_hal_uart_ex.o(i.HAL_UARTEx_StopModeWakeUpSourceConfig), (134 bytes).
    Removing stm32f3xx_hal_uart_ex.o(i.HAL_UARTEx_WakeupCallback), (2 bytes).
    Removing system_stm32f3xx.o(.rev16_text), (4 bytes).
    Removing system_stm32f3xx.o(.revsh_text), (4 bytes).
    Removing system_stm32f3xx.o(.rrx_text), (6 bytes).
    Removing system_stm32f3xx.o(i.SystemCoreClockUpdate), (92 bytes).

402 unused section(s) (total 31756 bytes) removed from the image.

==============================================================================

Image Symbol Table

    Local Symbols

    Symbol Name                              Value     Ov Type        Size  Object(Section)

    ../Core/Src/main.c                       0x00000000   Number         0  main.o ABSOLUTE
    ../Core/Src/stm32f3xx_hal_msp.c          0x00000000   Number         0  stm32f3xx_hal_msp.o ABSOLUTE
    ../Core/Src/stm32f3xx_it.c               0x00000000   Number         0  stm32f3xx_it.o ABSOLUTE
    ../Core/Src/system_stm32f3xx.c           0x00000000   Number         0  system_stm32f3xx.o ABSOLUTE
    ../Drivers/STM32F3xx_HAL_Driver/Src/stm32f3xx_hal.c 0x00000000   Number         0  stm32f3xx_hal.o ABSOLUTE
    ../Drivers/STM32F3xx_HAL_Driver/Src/stm32f3xx_hal_adc.c 0x00000000   Number         0  stm32f3xx_hal_adc.o ABSOLUTE
    ../Drivers/STM32F3xx_HAL_Driver/Src/stm32f3xx_hal_adc_ex.c 0x00000000   Number         0  stm32f3xx_hal_adc_ex.o ABSOLUTE
    ../Drivers/STM32F3xx_HAL_Driver/Src/stm32f3xx_hal_cortex.c 0x00000000   Number         0  stm32f3xx_hal_cortex.o ABSOLUTE
    ../Drivers/STM32F3xx_HAL_Driver/Src/stm32f3xx_hal_dma.c 0x00000000   Number         0  stm32f3xx_hal_dma.o ABSOLUTE
    ../Drivers/STM32F3xx_HAL_Driver/Src/stm32f3xx_hal_exti.c 0x00000000   Number         0  stm32f3xx_hal_exti.o ABSOLUTE
    ../Drivers/STM32F3xx_HAL_Driver/Src/stm32f3xx_hal_flash.c 0x00000000   Number         0  stm32f3xx_hal_flash.o ABSOLUTE
    ../Drivers/STM32F3xx_HAL_Driver/Src/stm32f3xx_hal_flash_ex.c 0x00000000   Number         0  stm32f3xx_hal_flash_ex.o ABSOLUTE
    ../Drivers/STM32F3xx_HAL_Driver/Src/stm32f3xx_hal_gpio.c 0x00000000   Number         0  stm32f3xx_hal_gpio.o ABSOLUTE
    ../Drivers/STM32F3xx_HAL_Driver/Src/stm32f3xx_hal_i2c.c 0x00000000   Number         0  stm32f3xx_hal_i2c.o ABSOLUTE
    ../Drivers/STM32F3xx_HAL_Driver/Src/stm32f3xx_hal_i2c_ex.c 0x00000000   Number         0  stm32f3xx_hal_i2c_ex.o ABSOLUTE
    ../Drivers/STM32F3xx_HAL_Driver/Src/stm32f3xx_hal_pwr.c 0x00000000   Number         0  stm32f3xx_hal_pwr.o ABSOLUTE
    ../Drivers/STM32F3xx_HAL_Driver/Src/stm32f3xx_hal_pwr_ex.c 0x00000000   Number         0  stm32f3xx_hal_pwr_ex.o ABSOLUTE
    ../Drivers/STM32F3xx_HAL_Driver/Src/stm32f3xx_hal_rcc.c 0x00000000   Number         0  stm32f3xx_hal_rcc.o ABSOLUTE
    ../Drivers/STM32F3xx_HAL_Driver/Src/stm32f3xx_hal_rcc_ex.c 0x00000000   Number         0  stm32f3xx_hal_rcc_ex.o ABSOLUTE
    ../Drivers/STM32F3xx_HAL_Driver/Src/stm32f3xx_hal_tim.c 0x00000000   Number         0  stm32f3xx_hal_tim.o ABSOLUTE
    ../Drivers/STM32F3xx_HAL_Driver/Src/stm32f3xx_hal_tim_ex.c 0x00000000   Number         0  stm32f3xx_hal_tim_ex.o ABSOLUTE
    ../Drivers/STM32F3xx_HAL_Driver/Src/stm32f3xx_hal_uart.c 0x00000000   Number         0  stm32f3xx_hal_uart.o ABSOLUTE
    ../Drivers/STM32F3xx_HAL_Driver/Src/stm32f3xx_hal_uart_ex.c 0x00000000   Number         0  stm32f3xx_hal_uart_ex.o ABSOLUTE
    ../clib/angel/boardlib.s                 0x00000000   Number         0  boardinit1.o ABSOLUTE
    ../clib/angel/boardlib.s                 0x00000000   Number         0  boardinit2.o ABSOLUTE
    ../clib/angel/boardlib.s                 0x00000000   Number         0  boardinit3.o ABSOLUTE
    ../clib/angel/boardlib.s                 0x00000000   Number         0  boardshut.o ABSOLUTE
    ../clib/angel/handlers.s                 0x00000000   Number         0  __scatter_zi.o ABSOLUTE
    ../clib/angel/handlers.s                 0x00000000   Number         0  __scatter_copy.o ABSOLUTE
    ../clib/angel/kernel.s                   0x00000000   Number         0  rtexit2.o ABSOLUTE
    ../clib/angel/kernel.s                   0x00000000   Number         0  __rtentry2.o ABSOLUTE
    ../clib/angel/kernel.s                   0x00000000   Number         0  __rtentry.o ABSOLUTE
    ../clib/angel/kernel.s                   0x00000000   Number         0  rtexit.o ABSOLUTE
    ../clib/angel/kernel.s                   0x00000000   Number         0  __rtentry4.o ABSOLUTE
    ../clib/angel/rt.s                       0x00000000   Number         0  rt_div0.o ABSOLUTE
    ../clib/angel/rt.s                       0x00000000   Number         0  aeabi_ldiv0.o ABSOLUTE
    ../clib/angel/rt.s                       0x00000000   Number         0  aeabi_ldiv0_sigfpe.o ABSOLUTE
    ../clib/angel/rt.s                       0x00000000   Number         0  rt_raise.o ABSOLUTE
    ../clib/angel/scatter.s                  0x00000000   Number         0  __scatter.o ABSOLUTE
    ../clib/angel/startup.s                  0x00000000   Number         0  __main.o ABSOLUTE
    ../clib/angel/sys.s                      0x00000000   Number         0  sys_stackheap_outer.o ABSOLUTE
    ../clib/angel/sys.s                      0x00000000   Number         0  libspace.o ABSOLUTE
    ../clib/angel/sys.s                      0x00000000   Number         0  use_no_semi.o ABSOLUTE
    ../clib/angel/sys.s                      0x00000000   Number         0  indicate_semi.o ABSOLUTE
    ../clib/angel/sysapp.c                   0x00000000   Number         0  sys_wrch.o ABSOLUTE
    ../clib/angel/sysapp.c                   0x00000000   Number         0  sys_exit.o ABSOLUTE
    ../clib/angel/sysapp.c                   0x00000000   Number         0  sys_command.o ABSOLUTE
    ../clib/armsys.c                         0x00000000   Number         0  no_argv.o ABSOLUTE
    ../clib/armsys.c                         0x00000000   Number         0  argv_veneer.o ABSOLUTE
    ../clib/armsys.c                         0x00000000   Number         0  _get_argv_nomalloc.o ABSOLUTE
    ../clib/armsys.c                         0x00000000   Number         0  argv_veneer.o ABSOLUTE
    ../clib/heapalloc.c                      0x00000000   Number         0  hrguard.o ABSOLUTE
    ../clib/heapaux.c                        0x00000000   Number         0  heapauxi.o ABSOLUTE
    ../clib/libinit.s                        0x00000000   Number         0  libshutdown.o ABSOLUTE
    ../clib/libinit.s                        0x00000000   Number         0  libinit.o ABSOLUTE
    ../clib/libinit.s                        0x00000000   Number         0  libshutdown2.o ABSOLUTE
    ../clib/libinit.s                        0x00000000   Number         0  libinit2.o ABSOLUTE
    ../clib/longlong.s                       0x00000000   Number         0  llushr.o ABSOLUTE
    ../clib/longlong.s                       0x00000000   Number         0  lludivv7m.o ABSOLUTE
    ../clib/memcpset.s                       0x00000000   Number         0  rt_memclr_w.o ABSOLUTE
    ../clib/memcpset.s                       0x00000000   Number         0  rt_memcpy_w.o ABSOLUTE
    ../clib/signal.c                         0x00000000   Number         0  defsig_abrt_inner.o ABSOLUTE
    ../clib/signal.c                         0x00000000   Number         0  defsig_rtred_inner.o ABSOLUTE
    ../clib/signal.c                         0x00000000   Number         0  defsig_fpe_outer.o ABSOLUTE
    ../clib/signal.c                         0x00000000   Number         0  __raise.o ABSOLUTE
    ../clib/signal.c                         0x00000000   Number         0  defsig_rtmem_inner.o ABSOLUTE
    ../clib/signal.c                         0x00000000   Number         0  defsig_exit.o ABSOLUTE
    ../clib/signal.c                         0x00000000   Number         0  defsig_rtmem_formal.o ABSOLUTE
    ../clib/signal.c                         0x00000000   Number         0  defsig_general.o ABSOLUTE
    ../clib/signal.c                         0x00000000   Number         0  defsig_rtmem_outer.o ABSOLUTE
    ../clib/signal.c                         0x00000000   Number         0  defsig_fpe_formal.o ABSOLUTE
    ../clib/signal.c                         0x00000000   Number         0  defsig_fpe_inner.o ABSOLUTE
    ../clib/signal.c                         0x00000000   Number         0  defsig_stak_inner.o ABSOLUTE
    ../clib/signal.c                         0x00000000   Number         0  defsig_pvfn_inner.o ABSOLUTE
    ../clib/signal.c                         0x00000000   Number         0  defsig_segv_inner.o ABSOLUTE
    ../clib/signal.c                         0x00000000   Number         0  defsig_other.o ABSOLUTE
    ../clib/signal.c                         0x00000000   Number         0  defsig_cppl_inner.o ABSOLUTE
    ../clib/signal.s                         0x00000000   Number         0  defsig.o ABSOLUTE
    ../clib/stdlib.c                         0x00000000   Number         0  exit.o ABSOLUTE
    ../fplib/fpinit.s                        0x00000000   Number         0  fpinit.o ABSOLUTE
    ..\Core\Src\main.c                       0x00000000   Number         0  main.o ABSOLUTE
    ..\Core\Src\stm32f3xx_hal_msp.c          0x00000000   Number         0  stm32f3xx_hal_msp.o ABSOLUTE
    ..\Core\Src\stm32f3xx_it.c               0x00000000   Number         0  stm32f3xx_it.o ABSOLUTE
    ..\Core\Src\system_stm32f3xx.c           0x00000000   Number         0  system_stm32f3xx.o ABSOLUTE
    ..\Drivers\STM32F3xx_HAL_Driver\Src\stm32f3xx_hal.c 0x00000000   Number         0  stm32f3xx_hal.o ABSOLUTE
    ..\Drivers\STM32F3xx_HAL_Driver\Src\stm32f3xx_hal_adc.c 0x00000000   Number         0  stm32f3xx_hal_adc.o ABSOLUTE
    ..\Drivers\STM32F3xx_HAL_Driver\Src\stm32f3xx_hal_adc_ex.c 0x00000000   Number         0  stm32f3xx_hal_adc_ex.o ABSOLUTE
    ..\Drivers\STM32F3xx_HAL_Driver\Src\stm32f3xx_hal_cortex.c 0x00000000   Number         0  stm32f3xx_hal_cortex.o ABSOLUTE
    ..\Drivers\STM32F3xx_HAL_Driver\Src\stm32f3xx_hal_dma.c 0x00000000   Number         0  stm32f3xx_hal_dma.o ABSOLUTE
    ..\Drivers\STM32F3xx_HAL_Driver\Src\stm32f3xx_hal_exti.c 0x00000000   Number         0  stm32f3xx_hal_exti.o ABSOLUTE
    ..\Drivers\STM32F3xx_HAL_Driver\Src\stm32f3xx_hal_flash.c 0x00000000   Number         0  stm32f3xx_hal_flash.o ABSOLUTE
    ..\Drivers\STM32F3xx_HAL_Driver\Src\stm32f3xx_hal_flash_ex.c 0x00000000   Number         0  stm32f3xx_hal_flash_ex.o ABSOLUTE
    ..\Drivers\STM32F3xx_HAL_Driver\Src\stm32f3xx_hal_gpio.c 0x00000000   Number         0  stm32f3xx_hal_gpio.o ABSOLUTE
    ..\Drivers\STM32F3xx_HAL_Driver\Src\stm32f3xx_hal_i2c.c 0x00000000   Number         0  stm32f3xx_hal_i2c.o ABSOLUTE
    ..\Drivers\STM32F3xx_HAL_Driver\Src\stm32f3xx_hal_i2c_ex.c 0x00000000   Number         0  stm32f3xx_hal_i2c_ex.o ABSOLUTE
    ..\Drivers\STM32F3xx_HAL_Driver\Src\stm32f3xx_hal_pwr.c 0x00000000   Number         0  stm32f3xx_hal_pwr.o ABSOLUTE
    ..\Drivers\STM32F3xx_HAL_Driver\Src\stm32f3xx_hal_pwr_ex.c 0x00000000   Number         0  stm32f3xx_hal_pwr_ex.o ABSOLUTE
    ..\Drivers\STM32F3xx_HAL_Driver\Src\stm32f3xx_hal_rcc.c 0x00000000   Number         0  stm32f3xx_hal_rcc.o ABSOLUTE
    ..\Drivers\STM32F3xx_HAL_Driver\Src\stm32f3xx_hal_rcc_ex.c 0x00000000   Number         0  stm32f3xx_hal_rcc_ex.o ABSOLUTE
    ..\Drivers\STM32F3xx_HAL_Driver\Src\stm32f3xx_hal_tim.c 0x00000000   Number         0  stm32f3xx_hal_tim.o ABSOLUTE
    ..\Drivers\STM32F3xx_HAL_Driver\Src\stm32f3xx_hal_tim_ex.c 0x00000000   Number         0  stm32f3xx_hal_tim_ex.o ABSOLUTE
    ..\Drivers\STM32F3xx_HAL_Driver\Src\stm32f3xx_hal_uart.c 0x00000000   Number         0  stm32f3xx_hal_uart.o ABSOLUTE
    ..\Drivers\STM32F3xx_HAL_Driver\Src\stm32f3xx_hal_uart_ex.c 0x00000000   Number         0  stm32f3xx_hal_uart_ex.o ABSOLUTE
    dc.s                                     0x00000000   Number         0  dc.o ABSOLUTE
    startup_stm32f303xe.s                    0x00000000   Number         0  startup_stm32f303xe.o ABSOLUTE
    RESET                                    0x08000000   Section      404  startup_stm32f303xe.o(RESET)
    !!!main                                  0x08000194   Section        8  __main.o(!!!main)
    !!!scatter                               0x0800019c   Section       52  __scatter.o(!!!scatter)
    !!handler_copy                           0x080001d0   Section       26  __scatter_copy.o(!!handler_copy)
    !!handler_zi                             0x080001ec   Section       28  __scatter_zi.o(!!handler_zi)
    .ARM.Collect$$libinit$$00000000          0x08000208   Section        2  libinit.o(.ARM.Collect$$libinit$$00000000)
    .ARM.Collect$$libinit$$00000001          0x0800020a   Section        4  libinit2.o(.ARM.Collect$$libinit$$00000001)
    .ARM.Collect$$libinit$$00000004          0x0800020e   Section        0  libinit2.o(.ARM.Collect$$libinit$$00000004)
    .ARM.Collect$$libinit$$0000000A          0x0800020e   Section        0  libinit2.o(.ARM.Collect$$libinit$$0000000A)
    .ARM.Collect$$libinit$$0000000C          0x0800020e   Section        0  libinit2.o(.ARM.Collect$$libinit$$0000000C)
    .ARM.Collect$$libinit$$0000000E          0x0800020e   Section        0  libinit2.o(.ARM.Collect$$libinit$$0000000E)
    .ARM.Collect$$libinit$$00000011          0x0800020e   Section        0  libinit2.o(.ARM.Collect$$libinit$$00000011)
    .ARM.Collect$$libinit$$00000013          0x0800020e   Section        0  libinit2.o(.ARM.Collect$$libinit$$00000013)
    .ARM.Collect$$libinit$$00000015          0x0800020e   Section        0  libinit2.o(.ARM.Collect$$libinit$$00000015)
    .ARM.Collect$$libinit$$00000017          0x0800020e   Section        0  libinit2.o(.ARM.Collect$$libinit$$00000017)
    .ARM.Collect$$libinit$$00000019          0x0800020e   Section        0  libinit2.o(.ARM.Collect$$libinit$$00000019)
    .ARM.Collect$$libinit$$0000001B          0x0800020e   Section        0  libinit2.o(.ARM.Collect$$libinit$$0000001B)
    .ARM.Collect$$libinit$$0000001D          0x0800020e   Section        0  libinit2.o(.ARM.Collect$$libinit$$0000001D)
    .ARM.Collect$$libinit$$0000001F          0x0800020e   Section        0  libinit2.o(.ARM.Collect$$libinit$$0000001F)
    .ARM.Collect$$libinit$$00000021          0x0800020e   Section        0  libinit2.o(.ARM.Collect$$libinit$$00000021)
    .ARM.Collect$$libinit$$00000023          0x0800020e   Section        0  libinit2.o(.ARM.Collect$$libinit$$00000023)
    .ARM.Collect$$libinit$$00000025          0x0800020e   Section        0  libinit2.o(.ARM.Collect$$libinit$$00000025)
    .ARM.Collect$$libinit$$0000002C          0x0800020e   Section        0  libinit2.o(.ARM.Collect$$libinit$$0000002C)
    .ARM.Collect$$libinit$$0000002E          0x0800020e   Section        0  libinit2.o(.ARM.Collect$$libinit$$0000002E)
    .ARM.Collect$$libinit$$00000030          0x0800020e   Section        0  libinit2.o(.ARM.Collect$$libinit$$00000030)
    .ARM.Collect$$libinit$$00000032          0x0800020e   Section        0  libinit2.o(.ARM.Collect$$libinit$$00000032)
    .ARM.Collect$$libinit$$00000033          0x0800020e   Section        2  libinit2.o(.ARM.Collect$$libinit$$00000033)
    .ARM.Collect$$libshutdown$$00000000      0x08000210   Section        2  libshutdown.o(.ARM.Collect$$libshutdown$$00000000)
    .ARM.Collect$$libshutdown$$00000002      0x08000212   Section        0  libshutdown2.o(.ARM.Collect$$libshutdown$$00000002)
    .ARM.Collect$$libshutdown$$00000004      0x08000212   Section        0  libshutdown2.o(.ARM.Collect$$libshutdown$$00000004)
    .ARM.Collect$$libshutdown$$00000007      0x08000212   Section        0  libshutdown2.o(.ARM.Collect$$libshutdown$$00000007)
    .ARM.Collect$$libshutdown$$0000000A      0x08000212   Section        0  libshutdown2.o(.ARM.Collect$$libshutdown$$0000000A)
    .ARM.Collect$$libshutdown$$0000000C      0x08000212   Section        0  libshutdown2.o(.ARM.Collect$$libshutdown$$0000000C)
    .ARM.Collect$$libshutdown$$0000000F      0x08000212   Section        0  libshutdown2.o(.ARM.Collect$$libshutdown$$0000000F)
    .ARM.Collect$$libshutdown$$00000010      0x08000212   Section        2  libshutdown2.o(.ARM.Collect$$libshutdown$$00000010)
    .ARM.Collect$$rtentry$$00000000          0x08000214   Section        0  __rtentry.o(.ARM.Collect$$rtentry$$00000000)
    .ARM.Collect$$rtentry$$00000002          0x08000214   Section        0  __rtentry2.o(.ARM.Collect$$rtentry$$00000002)
    .ARM.Collect$$rtentry$$00000004          0x08000214   Section        6  __rtentry4.o(.ARM.Collect$$rtentry$$00000004)
    .ARM.Collect$$rtentry$$00000009          0x0800021a   Section        0  __rtentry2.o(.ARM.Collect$$rtentry$$00000009)
    .ARM.Collect$$rtentry$$0000000A          0x0800021a   Section        4  __rtentry2.o(.ARM.Collect$$rtentry$$0000000A)
    .ARM.Collect$$rtentry$$0000000C          0x0800021e   Section        0  __rtentry2.o(.ARM.Collect$$rtentry$$0000000C)
    .ARM.Collect$$rtentry$$0000000D          0x0800021e   Section        8  __rtentry2.o(.ARM.Collect$$rtentry$$0000000D)
    .ARM.Collect$$rtexit$$00000000           0x08000226   Section        2  rtexit.o(.ARM.Collect$$rtexit$$00000000)
    .ARM.Collect$$rtexit$$00000002           0x08000228   Section        0  rtexit2.o(.ARM.Collect$$rtexit$$00000002)
    .ARM.Collect$$rtexit$$00000003           0x08000228   Section        4  rtexit2.o(.ARM.Collect$$rtexit$$00000003)
    .ARM.Collect$$rtexit$$00000004           0x0800022c   Section        6  rtexit2.o(.ARM.Collect$$rtexit$$00000004)
    .text                                    0x08000234   Section       64  startup_stm32f303xe.o(.text)
    $v0                                      0x08000234   Number         0  startup_stm32f303xe.o(.text)
    .text                                    0x08000274   Section      238  lludivv7m.o(.text)
    .text                                    0x08000362   Section       78  rt_memclr_w.o(.text)
    .text                                    0x080003b0   Section        0  heapauxi.o(.text)
    .text                                    0x080003b6   Section       74  sys_stackheap_outer.o(.text)
    .text                                    0x08000400   Section        0  exit.o(.text)
    .text                                    0x08000414   Section        8  libspace.o(.text)
    .text                                    0x0800041c   Section        0  sys_exit.o(.text)
    .text                                    0x08000428   Section        2  use_no_semi.o(.text)
    .text                                    0x0800042a   Section        0  indicate_semi.o(.text)
    i.ADC_ConversionStop                     0x0800042c   Section        0  stm32f3xx_hal_adc_ex.o(i.ADC_ConversionStop)
    ADC_ConversionStop                       0x0800042d   Thumb Code   190  stm32f3xx_hal_adc_ex.o(i.ADC_ConversionStop)
    i.ADC_Disable                            0x080004f0   Section        0  stm32f3xx_hal_adc_ex.o(i.ADC_Disable)
    ADC_Disable                              0x080004f1   Thumb Code   106  stm32f3xx_hal_adc_ex.o(i.ADC_Disable)
    i.ADC_Enable                             0x0800055c   Section        0  stm32f3xx_hal_adc_ex.o(i.ADC_Enable)
    ADC_Enable                               0x0800055d   Thumb Code   102  stm32f3xx_hal_adc_ex.o(i.ADC_Enable)
    i.ADC_Select_CH1                         0x080005c8   Section        0  main.o(i.ADC_Select_CH1)
    i.BusFault_Handler                       0x080005f8   Section        0  stm32f3xx_it.o(i.BusFault_Handler)
    i.DebugMon_Handler                       0x080005fa   Section        0  stm32f3xx_it.o(i.DebugMon_Handler)
    i.HAL_ADCEx_MultiModeConfigChannel       0x080005fc   Section        0  stm32f3xx_hal_adc_ex.o(i.HAL_ADCEx_MultiModeConfigChannel)
    i.HAL_ADC_ConfigChannel                  0x08000714   Section        0  stm32f3xx_hal_adc_ex.o(i.HAL_ADC_ConfigChannel)
    i.HAL_ADC_GetValue                       0x08000aa8   Section        0  stm32f3xx_hal_adc_ex.o(i.HAL_ADC_GetValue)
    i.HAL_ADC_Init                           0x08000ab0   Section        0  stm32f3xx_hal_adc_ex.o(i.HAL_ADC_Init)
    i.HAL_ADC_MspInit                        0x08000d28   Section        0  stm32f3xx_hal_msp.o(i.HAL_ADC_MspInit)
    i.HAL_ADC_PollForConversion              0x08000d7c   Section        0  stm32f3xx_hal_adc_ex.o(i.HAL_ADC_PollForConversion)
    i.HAL_ADC_Start                          0x08000e9c   Section        0  stm32f3xx_hal_adc_ex.o(i.HAL_ADC_Start)
    i.HAL_ADC_Stop                           0x08000fec   Section        0  stm32f3xx_hal_adc_ex.o(i.HAL_ADC_Stop)
    i.HAL_Delay                              0x0800102c   Section        0  stm32f3xx_hal.o(i.HAL_Delay)
    i.HAL_GPIO_Init                          0x08001050   Section        0  stm32f3xx_hal_gpio.o(i.HAL_GPIO_Init)
    i.HAL_GPIO_WritePin                      0x080012a0   Section        0  stm32f3xx_hal_gpio.o(i.HAL_GPIO_WritePin)
    i.HAL_GetTick                            0x080012ac   Section        0  stm32f3xx_hal.o(i.HAL_GetTick)
    i.HAL_IncTick                            0x080012b8   Section        0  stm32f3xx_hal.o(i.HAL_IncTick)
    i.HAL_Init                               0x080012c8   Section        0  stm32f3xx_hal.o(i.HAL_Init)
    i.HAL_InitTick                           0x080012ec   Section        0  stm32f3xx_hal.o(i.HAL_InitTick)
    i.HAL_MspInit                            0x0800132c   Section        0  stm32f3xx_hal_msp.o(i.HAL_MspInit)
    i.HAL_NVIC_SetPriority                   0x08001358   Section        0  stm32f3xx_hal_cortex.o(i.HAL_NVIC_SetPriority)
    i.HAL_NVIC_SetPriorityGrouping           0x08001398   Section        0  stm32f3xx_hal_cortex.o(i.HAL_NVIC_SetPriorityGrouping)
    i.HAL_RCCEx_PeriphCLKConfig              0x080013bc   Section        0  stm32f3xx_hal_rcc_ex.o(i.HAL_RCCEx_PeriphCLKConfig)
    i.HAL_RCC_ClockConfig                    0x08001650   Section        0  stm32f3xx_hal_rcc.o(i.HAL_RCC_ClockConfig)
    i.HAL_RCC_GetPCLK1Freq                   0x08001798   Section        0  stm32f3xx_hal_rcc.o(i.HAL_RCC_GetPCLK1Freq)
    i.HAL_RCC_GetPCLK2Freq                   0x080017c8   Section        0  stm32f3xx_hal_rcc.o(i.HAL_RCC_GetPCLK2Freq)
    i.HAL_RCC_GetSysClockFreq                0x080017f8   Section        0  stm32f3xx_hal_rcc.o(i.HAL_RCC_GetSysClockFreq)
    i.HAL_RCC_OscConfig                      0x08001858   Section        0  stm32f3xx_hal_rcc.o(i.HAL_RCC_OscConfig)
    i.HAL_SYSTICK_Config                     0x08001e18   Section        0  stm32f3xx_hal_cortex.o(i.HAL_SYSTICK_Config)
    i.HAL_UART_Init                          0x08001e40   Section        0  stm32f3xx_hal_uart.o(i.HAL_UART_Init)
    i.HAL_UART_MspInit                       0x08001ea8   Section        0  stm32f3xx_hal_msp.o(i.HAL_UART_MspInit)
    i.HAL_UART_Transmit                      0x08001f0c   Section        0  stm32f3xx_hal_uart.o(i.HAL_UART_Transmit)
    i.HardFault_Handler                      0x08001fc2   Section        0  stm32f3xx_it.o(i.HardFault_Handler)
    i.MX_ADC1_Init                           0x08001fc4   Section        0  main.o(i.MX_ADC1_Init)
    MX_ADC1_Init                             0x08001fc5   Thumb Code    94  main.o(i.MX_ADC1_Init)
    i.MX_GPIO_Init                           0x08002028   Section        0  main.o(i.MX_GPIO_Init)
    MX_GPIO_Init                             0x08002029   Thumb Code   234  main.o(i.MX_GPIO_Init)
    i.MX_USART1_UART_Init                    0x08002124   Section        0  main.o(i.MX_USART1_UART_Init)
    MX_USART1_UART_Init                      0x08002125   Thumb Code    48  main.o(i.MX_USART1_UART_Init)
    i.MemManage_Handler                      0x0800215c   Section        0  stm32f3xx_it.o(i.MemManage_Handler)
    i.NMI_Handler                            0x0800215e   Section        0  stm32f3xx_it.o(i.NMI_Handler)
    i.PendSV_Handler                         0x08002160   Section        0  stm32f3xx_it.o(i.PendSV_Handler)
    i.SVC_Handler                            0x08002162   Section        0  stm32f3xx_it.o(i.SVC_Handler)
    i.SysTick_Handler                        0x08002164   Section        0  stm32f3xx_it.o(i.SysTick_Handler)
    i.SystemClock_Config                     0x08002168   Section        0  main.o(i.SystemClock_Config)
    i.SystemInit                             0x080021e8   Section        0  system_stm32f3xx.o(i.SystemInit)
    i.UART_AdvFeatureConfig                  0x080021f8   Section        0  stm32f3xx_hal_uart.o(i.UART_AdvFeatureConfig)
    i.UART_CheckIdleState                    0x080022c0   Section        0  stm32f3xx_hal_uart.o(i.UART_CheckIdleState)
    i.UART_SetConfig                         0x0800231c   Section        0  stm32f3xx_hal_uart.o(i.UART_SetConfig)
    i.UART_WaitOnFlagUntilTimeout            0x080024e4   Section        0  stm32f3xx_hal_uart.o(i.UART_WaitOnFlagUntilTimeout)
    i.UsageFault_Handler                     0x080025aa   Section        0  stm32f3xx_it.o(i.UsageFault_Handler)
    i.__NVIC_SetPriority                     0x080025ac   Section        0  stm32f3xx_hal_cortex.o(i.__NVIC_SetPriority)
    __NVIC_SetPriority                       0x080025ad   Thumb Code    32  stm32f3xx_hal_cortex.o(i.__NVIC_SetPriority)
    i.adc_read_value                         0x080025cc   Section        0  main.o(i.adc_read_value)
    i.main                                   0x080025fc   Section        0  main.o(i.main)
    i.process_data                           0x0800262c   Section        0  main.o(i.process_data)
    i.turn_off_port                          0x08002804   Section        0  main.o(i.turn_off_port)
    i.turn_on_pin                            0x08002888   Section        0  main.o(i.turn_on_pin)
    x$fpl$fpinit                             0x080028a0   Section       10  fpinit.o(x$fpl$fpinit)
    $v0                                      0x080028a0   Number         0  fpinit.o(x$fpl$fpinit)
    .constdata                               0x080028aa   Section       32  stm32f3xx_hal_rcc.o(.constdata)
    .constdata                               0x080028ca   Section       16  system_stm32f3xx.o(.constdata)
    .constdata                               0x080028da   Section        8  system_stm32f3xx.o(.constdata)
    .data                                    0x20000000   Section        4  main.o(.data)
    .data                                    0x20000004   Section       12  stm32f3xx_hal.o(.data)
    .data                                    0x20000010   Section        4  system_stm32f3xx.o(.data)
    .bss                                     0x20000014   Section      212  main.o(.bss)
    .bss                                     0x200000e8   Section       96  libspace.o(.bss)
    HEAP                                     0x20000148   Section      512  startup_stm32f303xe.o(HEAP)
    Heap_Mem                                 0x20000148   Data         512  startup_stm32f303xe.o(HEAP)
    STACK                                    0x20000348   Section     1024  startup_stm32f303xe.o(STACK)
    Stack_Mem                                0x20000348   Data        1024  startup_stm32f303xe.o(STACK)
    __initial_sp                             0x20000748   Data           0  startup_stm32f303xe.o(STACK)

    Global Symbols

    Symbol Name                              Value     Ov Type        Size  Object(Section)

    BuildAttributes$$THM_ISAv4$E$P$D$K$B$S$7EM$VFPi3$EXTD16$VFPS$VFMA$PE$A:L22UL41UL21$X:L11$S22US41US21$IEEE1$IW$USESV6$~STKCKD$USESV7$~SHL$OSPACE$ROPI$EBA8$UX$STANDARDLIB$REQ8$PRES8$EABIv2 0x00000000   Number         0  anon$$obj.o ABSOLUTE
    __ARM_use_no_argv                        0x00000000   Number         0  main.o ABSOLUTE
    __ARM_exceptions_init                     - Undefined Weak Reference
    __alloca_initialize                       - Undefined Weak Reference
    __arm_preinit_                            - Undefined Weak Reference
    __cpp_initialize__aeabi_                  - Undefined Weak Reference
    __cxa_finalize                            - Undefined Weak Reference
    __rt_locale                               - Undefined Weak Reference
    __sigvec_lookup                           - Undefined Weak Reference
    _atexit_init                              - Undefined Weak Reference
    _call_atexit_fns                          - Undefined Weak Reference
    _clock_init                               - Undefined Weak Reference
    _fp_trap_init                             - Undefined Weak Reference
    _fp_trap_shutdown                         - Undefined Weak Reference
    _get_lc_collate                           - Undefined Weak Reference
    _get_lc_ctype                             - Undefined Weak Reference
    _get_lc_monetary                          - Undefined Weak Reference
    _get_lc_numeric                           - Undefined Weak Reference
    _get_lc_time                              - Undefined Weak Reference
    _getenv_init                              - Undefined Weak Reference
    _handle_redirection                       - Undefined Weak Reference
    _init_alloc                               - Undefined Weak Reference
    _init_user_alloc                          - Undefined Weak Reference
    _initio                                   - Undefined Weak Reference
    _rand_init                                - Undefined Weak Reference
    _signal_finish                            - Undefined Weak Reference
    _signal_init                              - Undefined Weak Reference
    _terminate_alloc                          - Undefined Weak Reference
    _terminate_user_alloc                     - Undefined Weak Reference
    _terminateio                              - Undefined Weak Reference
    __Vectors_Size                           0x00000194   Number         0  startup_stm32f303xe.o ABSOLUTE
    __Vectors                                0x08000000   Data           4  startup_stm32f303xe.o(RESET)
    __Vectors_End                            0x08000194   Data           0  startup_stm32f303xe.o(RESET)
    __main                                   0x08000195   Thumb Code     8  __main.o(!!!main)
    __scatterload                            0x0800019d   Thumb Code     0  __scatter.o(!!!scatter)
    __scatterload_rt2                        0x0800019d   Thumb Code    44  __scatter.o(!!!scatter)
    __scatterload_rt2_thumb_only             0x0800019d   Thumb Code     0  __scatter.o(!!!scatter)
    __scatterload_null                       0x080001ab   Thumb Code     0  __scatter.o(!!!scatter)
    __scatterload_copy                       0x080001d1   Thumb Code    26  __scatter_copy.o(!!handler_copy)
    __scatterload_zeroinit                   0x080001ed   Thumb Code    28  __scatter_zi.o(!!handler_zi)
    __rt_lib_init                            0x08000209   Thumb Code     0  libinit.o(.ARM.Collect$$libinit$$00000000)
    __rt_lib_init_fp_1                       0x0800020b   Thumb Code     0  libinit2.o(.ARM.Collect$$libinit$$00000001)
    __rt_lib_init_alloca_1                   0x0800020f   Thumb Code     0  libinit2.o(.ARM.Collect$$libinit$$0000002E)
    __rt_lib_init_argv_1                     0x0800020f   Thumb Code     0  libinit2.o(.ARM.Collect$$libinit$$0000002C)
    __rt_lib_init_atexit_1                   0x0800020f   Thumb Code     0  libinit2.o(.ARM.Collect$$libinit$$0000001B)
    __rt_lib_init_clock_1                    0x0800020f   Thumb Code     0  libinit2.o(.ARM.Collect$$libinit$$00000021)
    __rt_lib_init_cpp_1                      0x0800020f   Thumb Code     0  libinit2.o(.ARM.Collect$$libinit$$00000032)
    __rt_lib_init_exceptions_1               0x0800020f   Thumb Code     0  libinit2.o(.ARM.Collect$$libinit$$00000030)
    __rt_lib_init_fp_trap_1                  0x0800020f   Thumb Code     0  libinit2.o(.ARM.Collect$$libinit$$0000001F)
    __rt_lib_init_getenv_1                   0x0800020f   Thumb Code     0  libinit2.o(.ARM.Collect$$libinit$$00000023)
    __rt_lib_init_heap_1                     0x0800020f   Thumb Code     0  libinit2.o(.ARM.Collect$$libinit$$0000000A)
    __rt_lib_init_lc_collate_1               0x0800020f   Thumb Code     0  libinit2.o(.ARM.Collect$$libinit$$00000011)
    __rt_lib_init_lc_ctype_1                 0x0800020f   Thumb Code     0  libinit2.o(.ARM.Collect$$libinit$$00000013)
    __rt_lib_init_lc_monetary_1              0x0800020f   Thumb Code     0  libinit2.o(.ARM.Collect$$libinit$$00000015)
    __rt_lib_init_lc_numeric_1               0x0800020f   Thumb Code     0  libinit2.o(.ARM.Collect$$libinit$$00000017)
    __rt_lib_init_lc_time_1                  0x0800020f   Thumb Code     0  libinit2.o(.ARM.Collect$$libinit$$00000019)
    __rt_lib_init_preinit_1                  0x0800020f   Thumb Code     0  libinit2.o(.ARM.Collect$$libinit$$00000004)
    __rt_lib_init_rand_1                     0x0800020f   Thumb Code     0  libinit2.o(.ARM.Collect$$libinit$$0000000E)
    __rt_lib_init_return                     0x0800020f   Thumb Code     0  libinit2.o(.ARM.Collect$$libinit$$00000033)
    __rt_lib_init_signal_1                   0x0800020f   Thumb Code     0  libinit2.o(.ARM.Collect$$libinit$$0000001D)
    __rt_lib_init_stdio_1                    0x0800020f   Thumb Code     0  libinit2.o(.ARM.Collect$$libinit$$00000025)
    __rt_lib_init_user_alloc_1               0x0800020f   Thumb Code     0  libinit2.o(.ARM.Collect$$libinit$$0000000C)
    __rt_lib_shutdown                        0x08000211   Thumb Code     0  libshutdown.o(.ARM.Collect$$libshutdown$$00000000)
    __rt_lib_shutdown_cpp_1                  0x08000213   Thumb Code     0  libshutdown2.o(.ARM.Collect$$libshutdown$$00000002)
    __rt_lib_shutdown_fp_trap_1              0x08000213   Thumb Code     0  libshutdown2.o(.ARM.Collect$$libshutdown$$00000007)
    __rt_lib_shutdown_heap_1                 0x08000213   Thumb Code     0  libshutdown2.o(.ARM.Collect$$libshutdown$$0000000F)
    __rt_lib_shutdown_return                 0x08000213   Thumb Code     0  libshutdown2.o(.ARM.Collect$$libshutdown$$00000010)
    __rt_lib_shutdown_signal_1               0x08000213   Thumb Code     0  libshutdown2.o(.ARM.Collect$$libshutdown$$0000000A)
    __rt_lib_shutdown_stdio_1                0x08000213   Thumb Code     0  libshutdown2.o(.ARM.Collect$$libshutdown$$00000004)
    __rt_lib_shutdown_user_alloc_1           0x08000213   Thumb Code     0  libshutdown2.o(.ARM.Collect$$libshutdown$$0000000C)
    __rt_entry                               0x08000215   Thumb Code     0  __rtentry.o(.ARM.Collect$$rtentry$$00000000)
    __rt_entry_presh_1                       0x08000215   Thumb Code     0  __rtentry2.o(.ARM.Collect$$rtentry$$00000002)
    __rt_entry_sh                            0x08000215   Thumb Code     0  __rtentry4.o(.ARM.Collect$$rtentry$$00000004)
    __rt_entry_li                            0x0800021b   Thumb Code     0  __rtentry2.o(.ARM.Collect$$rtentry$$0000000A)
    __rt_entry_postsh_1                      0x0800021b   Thumb Code     0  __rtentry2.o(.ARM.Collect$$rtentry$$00000009)
    __rt_entry_main                          0x0800021f   Thumb Code     0  __rtentry2.o(.ARM.Collect$$rtentry$$0000000D)
    __rt_entry_postli_1                      0x0800021f   Thumb Code     0  __rtentry2.o(.ARM.Collect$$rtentry$$0000000C)
    __rt_exit                                0x08000227   Thumb Code     0  rtexit.o(.ARM.Collect$$rtexit$$00000000)
    __rt_exit_ls                             0x08000229   Thumb Code     0  rtexit2.o(.ARM.Collect$$rtexit$$00000003)
    __rt_exit_prels_1                        0x08000229   Thumb Code     0  rtexit2.o(.ARM.Collect$$rtexit$$00000002)
    __rt_exit_exit                           0x0800022d   Thumb Code     0  rtexit2.o(.ARM.Collect$$rtexit$$00000004)
    Reset_Handler                            0x08000235   Thumb Code     8  startup_stm32f303xe.o(.text)
    ADC1_2_IRQHandler                        0x0800024f   Thumb Code     0  startup_stm32f303xe.o(.text)
    ADC3_IRQHandler                          0x0800024f   Thumb Code     0  startup_stm32f303xe.o(.text)
    ADC4_IRQHandler                          0x0800024f   Thumb Code     0  startup_stm32f303xe.o(.text)
    CAN_RX1_IRQHandler                       0x0800024f   Thumb Code     0  startup_stm32f303xe.o(.text)
    CAN_SCE_IRQHandler                       0x0800024f   Thumb Code     0  startup_stm32f303xe.o(.text)
    COMP1_2_3_IRQHandler                     0x0800024f   Thumb Code     0  startup_stm32f303xe.o(.text)
    COMP4_5_6_IRQHandler                     0x0800024f   Thumb Code     0  startup_stm32f303xe.o(.text)
    COMP7_IRQHandler                         0x0800024f   Thumb Code     0  startup_stm32f303xe.o(.text)
    DMA1_Channel1_IRQHandler                 0x0800024f   Thumb Code     0  startup_stm32f303xe.o(.text)
    DMA1_Channel2_IRQHandler                 0x0800024f   Thumb Code     0  startup_stm32f303xe.o(.text)
    DMA1_Channel3_IRQHandler                 0x0800024f   Thumb Code     0  startup_stm32f303xe.o(.text)
    DMA1_Channel4_IRQHandler                 0x0800024f   Thumb Code     0  startup_stm32f303xe.o(.text)
    DMA1_Channel5_IRQHandler                 0x0800024f   Thumb Code     0  startup_stm32f303xe.o(.text)
    DMA1_Channel6_IRQHandler                 0x0800024f   Thumb Code     0  startup_stm32f303xe.o(.text)
    DMA1_Channel7_IRQHandler                 0x0800024f   Thumb Code     0  startup_stm32f303xe.o(.text)
    DMA2_Channel1_IRQHandler                 0x0800024f   Thumb Code     0  startup_stm32f303xe.o(.text)
    DMA2_Channel2_IRQHandler                 0x0800024f   Thumb Code     0  startup_stm32f303xe.o(.text)
    DMA2_Channel3_IRQHandler                 0x0800024f   Thumb Code     0  startup_stm32f303xe.o(.text)
    DMA2_Channel4_IRQHandler                 0x0800024f   Thumb Code     0  startup_stm32f303xe.o(.text)
    DMA2_Channel5_IRQHandler                 0x0800024f   Thumb Code     0  startup_stm32f303xe.o(.text)
    EXTI0_IRQHandler                         0x0800024f   Thumb Code     0  startup_stm32f303xe.o(.text)
    EXTI15_10_IRQHandler                     0x0800024f   Thumb Code     0  startup_stm32f303xe.o(.text)
    EXTI1_IRQHandler                         0x0800024f   Thumb Code     0  startup_stm32f303xe.o(.text)
    EXTI2_TSC_IRQHandler                     0x0800024f   Thumb Code     0  startup_stm32f303xe.o(.text)
    EXTI3_IRQHandler                         0x0800024f   Thumb Code     0  startup_stm32f303xe.o(.text)
    EXTI4_IRQHandler                         0x0800024f   Thumb Code     0  startup_stm32f303xe.o(.text)
    EXTI9_5_IRQHandler                       0x0800024f   Thumb Code     0  startup_stm32f303xe.o(.text)
    FLASH_IRQHandler                         0x0800024f   Thumb Code     0  startup_stm32f303xe.o(.text)
    FMC_IRQHandler                           0x0800024f   Thumb Code     0  startup_stm32f303xe.o(.text)
    FPU_IRQHandler                           0x0800024f   Thumb Code     0  startup_stm32f303xe.o(.text)
    I2C1_ER_IRQHandler                       0x0800024f   Thumb Code     0  startup_stm32f303xe.o(.text)
    I2C1_EV_IRQHandler                       0x0800024f   Thumb Code     0  startup_stm32f303xe.o(.text)
    I2C2_ER_IRQHandler                       0x0800024f   Thumb Code     0  startup_stm32f303xe.o(.text)
    I2C2_EV_IRQHandler                       0x0800024f   Thumb Code     0  startup_stm32f303xe.o(.text)
    I2C3_ER_IRQHandler                       0x0800024f   Thumb Code     0  startup_stm32f303xe.o(.text)
    I2C3_EV_IRQHandler                       0x0800024f   Thumb Code     0  startup_stm32f303xe.o(.text)
    PVD_IRQHandler                           0x0800024f   Thumb Code     0  startup_stm32f303xe.o(.text)
    RCC_IRQHandler                           0x0800024f   Thumb Code     0  startup_stm32f303xe.o(.text)
    RTC_Alarm_IRQHandler                     0x0800024f   Thumb Code     0  startup_stm32f303xe.o(.text)
    RTC_WKUP_IRQHandler                      0x0800024f   Thumb Code     0  startup_stm32f303xe.o(.text)
    SPI1_IRQHandler                          0x0800024f   Thumb Code     0  startup_stm32f303xe.o(.text)
    SPI2_IRQHandler                          0x0800024f   Thumb Code     0  startup_stm32f303xe.o(.text)
    SPI3_IRQHandler                          0x0800024f   Thumb Code     0  startup_stm32f303xe.o(.text)
    SPI4_IRQHandler                          0x0800024f   Thumb Code     0  startup_stm32f303xe.o(.text)
    TAMP_STAMP_IRQHandler                    0x0800024f   Thumb Code     0  startup_stm32f303xe.o(.text)
    TIM1_BRK_TIM15_IRQHandler                0x0800024f   Thumb Code     0  startup_stm32f303xe.o(.text)
    TIM1_CC_IRQHandler                       0x0800024f   Thumb Code     0  startup_stm32f303xe.o(.text)
    TIM1_TRG_COM_TIM17_IRQHandler            0x0800024f   Thumb Code     0  startup_stm32f303xe.o(.text)
    TIM1_UP_TIM16_IRQHandler                 0x0800024f   Thumb Code     0  startup_stm32f303xe.o(.text)
    TIM20_BRK_IRQHandler                     0x0800024f   Thumb Code     0  startup_stm32f303xe.o(.text)
    TIM20_CC_IRQHandler                      0x0800024f   Thumb Code     0  startup_stm32f303xe.o(.text)
    TIM20_TRG_COM_IRQHandler                 0x0800024f   Thumb Code     0  startup_stm32f303xe.o(.text)
    TIM20_UP_IRQHandler                      0x0800024f   Thumb Code     0  startup_stm32f303xe.o(.text)
    TIM2_IRQHandler                          0x0800024f   Thumb Code     0  startup_stm32f303xe.o(.text)
    TIM3_IRQHandler                          0x0800024f   Thumb Code     0  startup_stm32f303xe.o(.text)
    TIM4_IRQHandler                          0x0800024f   Thumb Code     0  startup_stm32f303xe.o(.text)
    TIM6_DAC_IRQHandler                      0x0800024f   Thumb Code     0  startup_stm32f303xe.o(.text)
    TIM7_IRQHandler                          0x0800024f   Thumb Code     0  startup_stm32f303xe.o(.text)
    TIM8_BRK_IRQHandler                      0x0800024f   Thumb Code     0  startup_stm32f303xe.o(.text)
    TIM8_CC_IRQHandler                       0x0800024f   Thumb Code     0  startup_stm32f303xe.o(.text)
    TIM8_TRG_COM_IRQHandler                  0x0800024f   Thumb Code     0  startup_stm32f303xe.o(.text)
    TIM8_UP_IRQHandler                       0x0800024f   Thumb Code     0  startup_stm32f303xe.o(.text)
    UART4_IRQHandler                         0x0800024f   Thumb Code     0  startup_stm32f303xe.o(.text)
    UART5_IRQHandler                         0x0800024f   Thumb Code     0  startup_stm32f303xe.o(.text)
    USART1_IRQHandler                        0x0800024f   Thumb Code     0  startup_stm32f303xe.o(.text)
    USART2_IRQHandler                        0x0800024f   Thumb Code     0  startup_stm32f303xe.o(.text)
    USART3_IRQHandler                        0x0800024f   Thumb Code     0  startup_stm32f303xe.o(.text)
    USBWakeUp_IRQHandler                     0x0800024f   Thumb Code     0  startup_stm32f303xe.o(.text)
    USBWakeUp_RMP_IRQHandler                 0x0800024f   Thumb Code     0  startup_stm32f303xe.o(.text)
    USB_HP_CAN_TX_IRQHandler                 0x0800024f   Thumb Code     0  startup_stm32f303xe.o(.text)
    USB_HP_IRQHandler                        0x0800024f   Thumb Code     0  startup_stm32f303xe.o(.text)
    USB_LP_CAN_RX0_IRQHandler                0x0800024f   Thumb Code     0  startup_stm32f303xe.o(.text)
    USB_LP_IRQHandler                        0x0800024f   Thumb Code     0  startup_stm32f303xe.o(.text)
    WWDG_IRQHandler                          0x0800024f   Thumb Code     0  startup_stm32f303xe.o(.text)
    __user_initial_stackheap                 0x08000251   Thumb Code     0  startup_stm32f303xe.o(.text)
    __aeabi_uldivmod                         0x08000275   Thumb Code     0  lludivv7m.o(.text)
    _ll_udiv                                 0x08000275   Thumb Code   238  lludivv7m.o(.text)
    __aeabi_memclr4                          0x08000363   Thumb Code     0  rt_memclr_w.o(.text)
    __aeabi_memclr8                          0x08000363   Thumb Code     0  rt_memclr_w.o(.text)
    __rt_memclr_w                            0x08000363   Thumb Code    78  rt_memclr_w.o(.text)
    _memset_w                                0x08000367   Thumb Code     0  rt_memclr_w.o(.text)
    __use_two_region_memory                  0x080003b1   Thumb Code     2  heapauxi.o(.text)
    __rt_heap_escrow$2region                 0x080003b3   Thumb Code     2  heapauxi.o(.text)
    __rt_heap_expand$2region                 0x080003b5   Thumb Code     2  heapauxi.o(.text)
    __user_setup_stackheap                   0x080003b7   Thumb Code    74  sys_stackheap_outer.o(.text)
    exit                                     0x08000401   Thumb Code    18  exit.o(.text)
    __user_libspace                          0x08000415   Thumb Code     8  libspace.o(.text)
    __user_perproc_libspace                  0x08000415   Thumb Code     0  libspace.o(.text)
    __user_perthread_libspace                0x08000415   Thumb Code     0  libspace.o(.text)
    _sys_exit                                0x0800041d   Thumb Code     8  sys_exit.o(.text)
    __I$use$semihosting                      0x08000429   Thumb Code     0  use_no_semi.o(.text)
    __use_no_semihosting_swi                 0x08000429   Thumb Code     2  use_no_semi.o(.text)
    __semihosting_library_function           0x0800042b   Thumb Code     0  indicate_semi.o(.text)
    ADC_Select_CH1                           0x080005c9   Thumb Code    42  main.o(i.ADC_Select_CH1)
    BusFault_Handler                         0x080005f9   Thumb Code     2  stm32f3xx_it.o(i.BusFault_Handler)
    DebugMon_Handler                         0x080005fb   Thumb Code     2  stm32f3xx_it.o(i.DebugMon_Handler)
    HAL_ADCEx_MultiModeConfigChannel         0x080005fd   Thumb Code   258  stm32f3xx_hal_adc_ex.o(i.HAL_ADCEx_MultiModeConfigChannel)
    HAL_ADC_ConfigChannel                    0x08000715   Thumb Code   884  stm32f3xx_hal_adc_ex.o(i.HAL_ADC_ConfigChannel)
    HAL_ADC_GetValue                         0x08000aa9   Thumb Code     6  stm32f3xx_hal_adc_ex.o(i.HAL_ADC_GetValue)
    HAL_ADC_Init                             0x08000ab1   Thumb Code   594  stm32f3xx_hal_adc_ex.o(i.HAL_ADC_Init)
    HAL_ADC_MspInit                          0x08000d29   Thumb Code    80  stm32f3xx_hal_msp.o(i.HAL_ADC_MspInit)
    HAL_ADC_PollForConversion                0x08000d7d   Thumb Code   272  stm32f3xx_hal_adc_ex.o(i.HAL_ADC_PollForConversion)
    HAL_ADC_Start                            0x08000e9d   Thumb Code   322  stm32f3xx_hal_adc_ex.o(i.HAL_ADC_Start)
    HAL_ADC_Stop                             0x08000fed   Thumb Code    62  stm32f3xx_hal_adc_ex.o(i.HAL_ADC_Stop)
    HAL_Delay                                0x0800102d   Thumb Code    32  stm32f3xx_hal.o(i.HAL_Delay)
    HAL_GPIO_Init                            0x08001051   Thumb Code   554  stm32f3xx_hal_gpio.o(i.HAL_GPIO_Init)
    HAL_GPIO_WritePin                        0x080012a1   Thumb Code    10  stm32f3xx_hal_gpio.o(i.HAL_GPIO_WritePin)
    HAL_GetTick                              0x080012ad   Thumb Code     6  stm32f3xx_hal.o(i.HAL_GetTick)
    HAL_IncTick                              0x080012b9   Thumb Code    12  stm32f3xx_hal.o(i.HAL_IncTick)
    HAL_Init                                 0x080012c9   Thumb Code    32  stm32f3xx_hal.o(i.HAL_Init)
    HAL_InitTick                             0x080012ed   Thumb Code    54  stm32f3xx_hal.o(i.HAL_InitTick)
    HAL_MspInit                              0x0800132d   Thumb Code    38  stm32f3xx_hal_msp.o(i.HAL_MspInit)
    HAL_NVIC_SetPriority                     0x08001359   Thumb Code    60  stm32f3xx_hal_cortex.o(i.HAL_NVIC_SetPriority)
    HAL_NVIC_SetPriorityGrouping             0x08001399   Thumb Code    26  stm32f3xx_hal_cortex.o(i.HAL_NVIC_SetPriorityGrouping)
    HAL_RCCEx_PeriphCLKConfig                0x080013bd   Thumb Code   648  stm32f3xx_hal_rcc_ex.o(i.HAL_RCCEx_PeriphCLKConfig)
    HAL_RCC_ClockConfig                      0x08001651   Thumb Code   308  stm32f3xx_hal_rcc.o(i.HAL_RCC_ClockConfig)
    HAL_RCC_GetPCLK1Freq                     0x08001799   Thumb Code    34  stm32f3xx_hal_rcc.o(i.HAL_RCC_GetPCLK1Freq)
    HAL_RCC_GetPCLK2Freq                     0x080017c9   Thumb Code    34  stm32f3xx_hal_rcc.o(i.HAL_RCC_GetPCLK2Freq)
    HAL_RCC_GetSysClockFreq                  0x080017f9   Thumb Code    82  stm32f3xx_hal_rcc.o(i.HAL_RCC_GetSysClockFreq)
    HAL_RCC_OscConfig                        0x08001859   Thumb Code  1472  stm32f3xx_hal_rcc.o(i.HAL_RCC_OscConfig)
    HAL_SYSTICK_Config                       0x08001e19   Thumb Code    40  stm32f3xx_hal_cortex.o(i.HAL_SYSTICK_Config)
    HAL_UART_Init                            0x08001e41   Thumb Code   102  stm32f3xx_hal_uart.o(i.HAL_UART_Init)
    HAL_UART_MspInit                         0x08001ea9   Thumb Code    88  stm32f3xx_hal_msp.o(i.HAL_UART_MspInit)
    HAL_UART_Transmit                        0x08001f0d   Thumb Code   182  stm32f3xx_hal_uart.o(i.HAL_UART_Transmit)
    HardFault_Handler                        0x08001fc3   Thumb Code     2  stm32f3xx_it.o(i.HardFault_Handler)
    MemManage_Handler                        0x0800215d   Thumb Code     2  stm32f3xx_it.o(i.MemManage_Handler)
    NMI_Handler                              0x0800215f   Thumb Code     2  stm32f3xx_it.o(i.NMI_Handler)
    PendSV_Handler                           0x08002161   Thumb Code     2  stm32f3xx_it.o(i.PendSV_Handler)
    SVC_Handler                              0x08002163   Thumb Code     2  stm32f3xx_it.o(i.SVC_Handler)
    SysTick_Handler                          0x08002165   Thumb Code     4  stm32f3xx_it.o(i.SysTick_Handler)
    SystemClock_Config                       0x08002169   Thumb Code   126  main.o(i.SystemClock_Config)
    SystemInit                               0x080021e9   Thumb Code    12  system_stm32f3xx.o(i.SystemInit)
    UART_AdvFeatureConfig                    0x080021f9   Thumb Code   200  stm32f3xx_hal_uart.o(i.UART_AdvFeatureConfig)
    UART_CheckIdleState                      0x080022c1   Thumb Code    92  stm32f3xx_hal_uart.o(i.UART_CheckIdleState)
    UART_SetConfig                           0x0800231d   Thumb Code   424  stm32f3xx_hal_uart.o(i.UART_SetConfig)
    UART_WaitOnFlagUntilTimeout              0x080024e5   Thumb Code   198  stm32f3xx_hal_uart.o(i.UART_WaitOnFlagUntilTimeout)
    UsageFault_Handler                       0x080025ab   Thumb Code     2  stm32f3xx_it.o(i.UsageFault_Handler)
    adc_read_value                           0x080025cd   Thumb Code    42  main.o(i.adc_read_value)
    main                                     0x080025fd   Thumb Code    42  main.o(i.main)
    process_data                             0x0800262d   Thumb Code   292  main.o(i.process_data)
    turn_off_port                            0x08002805   Thumb Code   120  main.o(i.turn_off_port)
    turn_on_pin                              0x08002889   Thumb Code    24  main.o(i.turn_on_pin)
    _fp_init                                 0x080028a1   Thumb Code    10  fpinit.o(x$fpl$fpinit)
    __fplib_config_fpu_vfp                   0x080028a9   Thumb Code     0  fpinit.o(x$fpl$fpinit)
    __fplib_config_pureend_doubles           0x080028a9   Thumb Code     0  fpinit.o(x$fpl$fpinit)
    aPLLMULFactorTable                       0x080028aa   Data          16  stm32f3xx_hal_rcc.o(.constdata)
    aPredivFactorTable                       0x080028ba   Data          16  stm32f3xx_hal_rcc.o(.constdata)
    AHBPrescTable                            0x080028ca   Data          16  system_stm32f3xx.o(.constdata)
    APBPrescTable                            0x080028da   Data           8  system_stm32f3xx.o(.constdata)
    Region$$Table$$Base                      0x080028e4   Number         0  anon$$obj.o(Region$$Table)
    Region$$Table$$Limit                     0x08002904   Number         0  anon$$obj.o(Region$$Table)
    adc_val                                  0x20000000   Data           4  main.o(.data)
    uwTickFreq                               0x20000004   Data           1  stm32f3xx_hal.o(.data)
    uwTickPrio                               0x20000008   Data           4  stm32f3xx_hal.o(.data)
    uwTick                                   0x2000000c   Data           4  stm32f3xx_hal.o(.data)
    SystemCoreClock                          0x20000010   Data           4  system_stm32f3xx.o(.data)
    hadc1                                    0x20000014   Data          80  main.o(.bss)
    huart1                                   0x20000064   Data         132  main.o(.bss)
    __libspace_start                         0x200000e8   Data          96  libspace.o(.bss)
    __temporary_stack_top$libspace           0x20000148   Data           0  libspace.o(.bss)



==============================================================================

Memory Map of the image

  Image Entry point : 0x08000195

  Load Region LR_IROM1 (Base: 0x08000000, Size: 0x00002918, Max: 0x00080000, ABSOLUTE)

    Execution Region ER_IROM1 (Exec base: 0x08000000, Load base: 0x08000000, Size: 0x00002904, Max: 0x00080000, ABSOLUTE)

    Exec Addr    Load Addr    Size         Type   Attr      Idx    E Section Name        Object

    0x08000000   0x08000000   0x00000194   Data   RO            3    RESET               startup_stm32f303xe.o
    0x08000194   0x08000194   0x00000008   Code   RO         2825  * !!!main             c_w.l(__main.o)
    0x0800019c   0x0800019c   0x00000034   Code   RO         2992    !!!scatter          c_w.l(__scatter.o)
    0x080001d0   0x080001d0   0x0000001a   Code   RO         2994    !!handler_copy      c_w.l(__scatter_copy.o)
    0x080001ea   0x080001ea   0x00000002   PAD
    0x080001ec   0x080001ec   0x0000001c   Code   RO         2996    !!handler_zi        c_w.l(__scatter_zi.o)
    0x08000208   0x08000208   0x00000002   Code   RO         2862    .ARM.Collect$$libinit$$00000000  c_w.l(libinit.o)
    0x0800020a   0x0800020a   0x00000004   Code   RO         2874    .ARM.Collect$$libinit$$00000001  c_w.l(libinit2.o)
    0x0800020e   0x0800020e   0x00000000   Code   RO         2877    .ARM.Collect$$libinit$$00000004  c_w.l(libinit2.o)
    0x0800020e   0x0800020e   0x00000000   Code   RO         2880    .ARM.Collect$$libinit$$0000000A  c_w.l(libinit2.o)
    0x0800020e   0x0800020e   0x00000000   Code   RO         2882    .ARM.Collect$$libinit$$0000000C  c_w.l(libinit2.o)
    0x0800020e   0x0800020e   0x00000000   Code   RO         2884    .ARM.Collect$$libinit$$0000000E  c_w.l(libinit2.o)
    0x0800020e   0x0800020e   0x00000000   Code   RO         2887    .ARM.Collect$$libinit$$00000011  c_w.l(libinit2.o)
    0x0800020e   0x0800020e   0x00000000   Code   RO         2889    .ARM.Collect$$libinit$$00000013  c_w.l(libinit2.o)
    0x0800020e   0x0800020e   0x00000000   Code   RO         2891    .ARM.Collect$$libinit$$00000015  c_w.l(libinit2.o)
    0x0800020e   0x0800020e   0x00000000   Code   RO         2893    .ARM.Collect$$libinit$$00000017  c_w.l(libinit2.o)
    0x0800020e   0x0800020e   0x00000000   Code   RO         2895    .ARM.Collect$$libinit$$00000019  c_w.l(libinit2.o)
    0x0800020e   0x0800020e   0x00000000   Code   RO         2897    .ARM.Collect$$libinit$$0000001B  c_w.l(libinit2.o)
    0x0800020e   0x0800020e   0x00000000   Code   RO         2899    .ARM.Collect$$libinit$$0000001D  c_w.l(libinit2.o)
    0x0800020e   0x0800020e   0x00000000   Code   RO         2901    .ARM.Collect$$libinit$$0000001F  c_w.l(libinit2.o)
    0x0800020e   0x0800020e   0x00000000   Code   RO         2903    .ARM.Collect$$libinit$$00000021  c_w.l(libinit2.o)
    0x0800020e   0x0800020e   0x00000000   Code   RO         2905    .ARM.Collect$$libinit$$00000023  c_w.l(libinit2.o)
    0x0800020e   0x0800020e   0x00000000   Code   RO         2907    .ARM.Collect$$libinit$$00000025  c_w.l(libinit2.o)
    0x0800020e   0x0800020e   0x00000000   Code   RO         2911    .ARM.Collect$$libinit$$0000002C  c_w.l(libinit2.o)
    0x0800020e   0x0800020e   0x00000000   Code   RO         2913    .ARM.Collect$$libinit$$0000002E  c_w.l(libinit2.o)
    0x0800020e   0x0800020e   0x00000000   Code   RO         2915    .ARM.Collect$$libinit$$00000030  c_w.l(libinit2.o)
    0x0800020e   0x0800020e   0x00000000   Code   RO         2917    .ARM.Collect$$libinit$$00000032  c_w.l(libinit2.o)
    0x0800020e   0x0800020e   0x00000002   Code   RO         2918    .ARM.Collect$$libinit$$00000033  c_w.l(libinit2.o)
    0x08000210   0x08000210   0x00000002   Code   RO         2949    .ARM.Collect$$libshutdown$$00000000  c_w.l(libshutdown.o)
    0x08000212   0x08000212   0x00000000   Code   RO         2975    .ARM.Collect$$libshutdown$$00000002  c_w.l(libshutdown2.o)
    0x08000212   0x08000212   0x00000000   Code   RO         2977    .ARM.Collect$$libshutdown$$00000004  c_w.l(libshutdown2.o)
    0x08000212   0x08000212   0x00000000   Code   RO         2980    .ARM.Collect$$libshutdown$$00000007  c_w.l(libshutdown2.o)
    0x08000212   0x08000212   0x00000000   Code   RO         2983    .ARM.Collect$$libshutdown$$0000000A  c_w.l(libshutdown2.o)
    0x08000212   0x08000212   0x00000000   Code   RO         2985    .ARM.Collect$$libshutdown$$0000000C  c_w.l(libshutdown2.o)
    0x08000212   0x08000212   0x00000000   Code   RO         2988    .ARM.Collect$$libshutdown$$0000000F  c_w.l(libshutdown2.o)
    0x08000212   0x08000212   0x00000002   Code   RO         2989    .ARM.Collect$$libshutdown$$00000010  c_w.l(libshutdown2.o)
    0x08000214   0x08000214   0x00000000   Code   RO         2827    .ARM.Collect$$rtentry$$00000000  c_w.l(__rtentry.o)
    0x08000214   0x08000214   0x00000000   Code   RO         2833    .ARM.Collect$$rtentry$$00000002  c_w.l(__rtentry2.o)
    0x08000214   0x08000214   0x00000006   Code   RO         2845    .ARM.Collect$$rtentry$$00000004  c_w.l(__rtentry4.o)
    0x0800021a   0x0800021a   0x00000000   Code   RO         2835    .ARM.Collect$$rtentry$$00000009  c_w.l(__rtentry2.o)
    0x0800021a   0x0800021a   0x00000004   Code   RO         2836    .ARM.Collect$$rtentry$$0000000A  c_w.l(__rtentry2.o)
    0x0800021e   0x0800021e   0x00000000   Code   RO         2838    .ARM.Collect$$rtentry$$0000000C  c_w.l(__rtentry2.o)
    0x0800021e   0x0800021e   0x00000008   Code   RO         2839    .ARM.Collect$$rtentry$$0000000D  c_w.l(__rtentry2.o)
    0x08000226   0x08000226   0x00000002   Code   RO         2866    .ARM.Collect$$rtexit$$00000000  c_w.l(rtexit.o)
    0x08000228   0x08000228   0x00000000   Code   RO         2922    .ARM.Collect$$rtexit$$00000002  c_w.l(rtexit2.o)
    0x08000228   0x08000228   0x00000004   Code   RO         2923    .ARM.Collect$$rtexit$$00000003  c_w.l(rtexit2.o)
    0x0800022c   0x0800022c   0x00000006   Code   RO         2924    .ARM.Collect$$rtexit$$00000004  c_w.l(rtexit2.o)
    0x08000232   0x08000232   0x00000002   PAD
    0x08000234   0x08000234   0x00000040   Code   RO            4    .text               startup_stm32f303xe.o
    0x08000274   0x08000274   0x000000ee   Code   RO         2815    .text               c_w.l(lludivv7m.o)
    0x08000362   0x08000362   0x0000004e   Code   RO         2821    .text               c_w.l(rt_memclr_w.o)
    0x080003b0   0x080003b0   0x00000006   Code   RO         2823    .text               c_w.l(heapauxi.o)
    0x080003b6   0x080003b6   0x0000004a   Code   RO         2849    .text               c_w.l(sys_stackheap_outer.o)
    0x08000400   0x08000400   0x00000012   Code   RO         2851    .text               c_w.l(exit.o)
    0x08000412   0x08000412   0x00000002   PAD
    0x08000414   0x08000414   0x00000008   Code   RO         2863    .text               c_w.l(libspace.o)
    0x0800041c   0x0800041c   0x0000000c   Code   RO         2919    .text               c_w.l(sys_exit.o)
    0x08000428   0x08000428   0x00000002   Code   RO         2938    .text               c_w.l(use_no_semi.o)
    0x0800042a   0x0800042a   0x00000000   Code   RO         2940    .text               c_w.l(indicate_semi.o)
    0x0800042a   0x0800042a   0x00000002   PAD
    0x0800042c   0x0800042c   0x000000c4   Code   RO          478    i.ADC_ConversionStop  stm32f3xx_hal_adc_ex.o
    0x080004f0   0x080004f0   0x0000006a   Code   RO          482    i.ADC_Disable       stm32f3xx_hal_adc_ex.o
    0x0800055a   0x0800055a   0x00000002   PAD
    0x0800055c   0x0800055c   0x0000006c   Code   RO          483    i.ADC_Enable        stm32f3xx_hal_adc_ex.o
    0x080005c8   0x080005c8   0x00000030   Code   RO           13    i.ADC_Select_CH1    main.o
    0x080005f8   0x080005f8   0x00000002   Code   RO          205    i.BusFault_Handler  stm32f3xx_it.o
    0x080005fa   0x080005fa   0x00000002   Code   RO          206    i.DebugMon_Handler  stm32f3xx_it.o
    0x080005fc   0x080005fc   0x00000118   Code   RO          498    i.HAL_ADCEx_MultiModeConfigChannel  stm32f3xx_hal_adc_ex.o
    0x08000714   0x08000714   0x00000394   Code   RO          507    i.HAL_ADC_ConfigChannel  stm32f3xx_hal_adc_ex.o
    0x08000aa8   0x08000aa8   0x00000006   Code   RO          509    i.HAL_ADC_GetValue  stm32f3xx_hal_adc_ex.o
    0x08000aae   0x08000aae   0x00000002   PAD
    0x08000ab0   0x08000ab0   0x00000278   Code   RO          511    i.HAL_ADC_Init      stm32f3xx_hal_adc_ex.o
    0x08000d28   0x08000d28   0x00000054   Code   RO          281    i.HAL_ADC_MspInit   stm32f3xx_hal_msp.o
    0x08000d7c   0x08000d7c   0x00000120   Code   RO          512    i.HAL_ADC_PollForConversion  stm32f3xx_hal_adc_ex.o
    0x08000e9c   0x08000e9c   0x00000150   Code   RO          514    i.HAL_ADC_Start     stm32f3xx_hal_adc_ex.o
    0x08000fec   0x08000fec   0x0000003e   Code   RO          517    i.HAL_ADC_Stop      stm32f3xx_hal_adc_ex.o
    0x0800102a   0x0800102a   0x00000002   PAD
    0x0800102c   0x0800102c   0x00000024   Code   RO          749    i.HAL_Delay         stm32f3xx_hal.o
    0x08001050   0x08001050   0x00000250   Code   RO         1066    i.HAL_GPIO_Init     stm32f3xx_hal_gpio.o
    0x080012a0   0x080012a0   0x0000000a   Code   RO         1070    i.HAL_GPIO_WritePin  stm32f3xx_hal_gpio.o
    0x080012aa   0x080012aa   0x00000002   PAD
    0x080012ac   0x080012ac   0x0000000c   Code   RO          753    i.HAL_GetTick       stm32f3xx_hal.o
    0x080012b8   0x080012b8   0x00000010   Code   RO          759    i.HAL_IncTick       stm32f3xx_hal.o
    0x080012c8   0x080012c8   0x00000024   Code   RO          760    i.HAL_Init          stm32f3xx_hal.o
    0x080012ec   0x080012ec   0x00000040   Code   RO          761    i.HAL_InitTick      stm32f3xx_hal.o
    0x0800132c   0x0800132c   0x0000002c   Code   RO          282    i.HAL_MspInit       stm32f3xx_hal_msp.o
    0x08001358   0x08001358   0x00000040   Code   RO         1240    i.HAL_NVIC_SetPriority  stm32f3xx_hal_cortex.o
    0x08001398   0x08001398   0x00000024   Code   RO         1241    i.HAL_NVIC_SetPriorityGrouping  stm32f3xx_hal_cortex.o
    0x080013bc   0x080013bc   0x00000294   Code   RO         1023    i.HAL_RCCEx_PeriphCLKConfig  stm32f3xx_hal_rcc_ex.o
    0x08001650   0x08001650   0x00000148   Code   RO          917    i.HAL_RCC_ClockConfig  stm32f3xx_hal_rcc.o
    0x08001798   0x08001798   0x00000030   Code   RO          924    i.HAL_RCC_GetPCLK1Freq  stm32f3xx_hal_rcc.o
    0x080017c8   0x080017c8   0x00000030   Code   RO          925    i.HAL_RCC_GetPCLK2Freq  stm32f3xx_hal_rcc.o
    0x080017f8   0x080017f8   0x00000060   Code   RO          926    i.HAL_RCC_GetSysClockFreq  stm32f3xx_hal_rcc.o
    0x08001858   0x08001858   0x000005c0   Code   RO          929    i.HAL_RCC_OscConfig  stm32f3xx_hal_rcc.o
    0x08001e18   0x08001e18   0x00000028   Code   RO         1245    i.HAL_SYSTICK_Config  stm32f3xx_hal_cortex.o
    0x08001e40   0x08001e40   0x00000066   Code   RO         2343    i.HAL_UART_Init     stm32f3xx_hal_uart.o
    0x08001ea6   0x08001ea6   0x00000002   PAD
    0x08001ea8   0x08001ea8   0x00000064   Code   RO          284    i.HAL_UART_MspInit  stm32f3xx_hal_msp.o
    0x08001f0c   0x08001f0c   0x000000b6   Code   RO         2352    i.HAL_UART_Transmit  stm32f3xx_hal_uart.o
    0x08001fc2   0x08001fc2   0x00000002   Code   RO          207    i.HardFault_Handler  stm32f3xx_it.o
    0x08001fc4   0x08001fc4   0x00000064   Code   RO           16    i.MX_ADC1_Init      main.o
    0x08002028   0x08002028   0x000000fc   Code   RO           17    i.MX_GPIO_Init      main.o
    0x08002124   0x08002124   0x00000038   Code   RO           18    i.MX_USART1_UART_Init  main.o
    0x0800215c   0x0800215c   0x00000002   Code   RO          208    i.MemManage_Handler  stm32f3xx_it.o
    0x0800215e   0x0800215e   0x00000002   Code   RO          209    i.NMI_Handler       stm32f3xx_it.o
    0x08002160   0x08002160   0x00000002   Code   RO          210    i.PendSV_Handler    stm32f3xx_it.o
    0x08002162   0x08002162   0x00000002   Code   RO          211    i.SVC_Handler       stm32f3xx_it.o
    0x08002164   0x08002164   0x00000004   Code   RO          212    i.SysTick_Handler   stm32f3xx_it.o
    0x08002168   0x08002168   0x0000007e   Code   RO           19    i.SystemClock_Config  main.o
    0x080021e6   0x080021e6   0x00000002   PAD
    0x080021e8   0x080021e8   0x00000010   Code   RO         2779    i.SystemInit        system_stm32f3xx.o
    0x080021f8   0x080021f8   0x000000c8   Code   RO         2357    i.UART_AdvFeatureConfig  stm32f3xx_hal_uart.o
    0x080022c0   0x080022c0   0x0000005c   Code   RO         2358    i.UART_CheckIdleState  stm32f3xx_hal_uart.o
    0x0800231c   0x0800231c   0x000001c8   Code   RO         2373    i.UART_SetConfig    stm32f3xx_hal_uart.o
    0x080024e4   0x080024e4   0x000000c6   Code   RO         2378    i.UART_WaitOnFlagUntilTimeout  stm32f3xx_hal_uart.o
    0x080025aa   0x080025aa   0x00000002   Code   RO          213    i.UsageFault_Handler  stm32f3xx_it.o
    0x080025ac   0x080025ac   0x00000020   Code   RO         1247    i.__NVIC_SetPriority  stm32f3xx_hal_cortex.o
    0x080025cc   0x080025cc   0x00000030   Code   RO           20    i.adc_read_value    main.o
    0x080025fc   0x080025fc   0x00000030   Code   RO           21    i.main              main.o
    0x0800262c   0x0800262c   0x000001d8   Code   RO           22    i.process_data      main.o
    0x08002804   0x08002804   0x00000084   Code   RO           23    i.turn_off_port     main.o
    0x08002888   0x08002888   0x00000018   Code   RO           24    i.turn_on_pin       main.o
    0x080028a0   0x080028a0   0x0000000a   Code   RO         2934    x$fpl$fpinit        fz_wm.l(fpinit.o)
    0x080028aa   0x080028aa   0x00000020   Data   RO          930    .constdata          stm32f3xx_hal_rcc.o
    0x080028ca   0x080028ca   0x00000010   Data   RO         2780    .constdata          system_stm32f3xx.o
    0x080028da   0x080028da   0x00000008   Data   RO         2781    .constdata          system_stm32f3xx.o
    0x080028e2   0x080028e2   0x00000002   PAD
    0x080028e4   0x080028e4   0x00000020   Data   RO         2990    Region$$Table       anon$$obj.o


    Execution Region RW_IRAM2 (Exec base: 0x10000000, Load base: 0x08002918, Size: 0x00000000, Max: 0x00004000, ABSOLUTE)

    **** No section assigned to this execution region ****


    Execution Region RW_IRAM1 (Exec base: 0x20000000, Load base: 0x08002904, Size: 0x00000748, Max: 0x00010000, ABSOLUTE)

    Exec Addr    Load Addr    Size         Type   Attr      Idx    E Section Name        Object

    0x20000000   0x08002904   0x00000004   Data   RW           26    .data               main.o
    0x20000004   0x08002908   0x0000000c   Data   RW          767    .data               stm32f3xx_hal.o
    0x20000010   0x08002914   0x00000004   Data   RW         2782    .data               system_stm32f3xx.o
    0x20000014        -       0x000000d4   Zero   RW           25    .bss                main.o
    0x200000e8        -       0x00000060   Zero   RW         2864    .bss                c_w.l(libspace.o)
    0x20000148        -       0x00000200   Zero   RW            2    HEAP                startup_stm32f303xe.o
    0x20000348        -       0x00000400   Zero   RW            1    STACK               startup_stm32f303xe.o


==============================================================================

Image component sizes


      Code (inc. data)   RO Data    RW Data    ZI Data      Debug   Object Name

      1306        242          0          4        212     671026   main.o
        64         26        404          0       1536        848   startup_stm32f303xe.o
       164         28          0         12          0      16717   stm32f3xx_hal.o
      2930        134          0          0          0      10772   stm32f3xx_hal_adc_ex.o
       172         14          0          0          0      33278   stm32f3xx_hal_cortex.o
       602         38          0          0          0       2320   stm32f3xx_hal_gpio.o
       228         22          0          0          0       2307   stm32f3xx_hal_msp.o
      1992         74         32          0          0       5872   stm32f3xx_hal_rcc.o
       660         12          0          0          0       1692   stm32f3xx_hal_rcc_ex.o
      1230         52          0          0          0       6329   stm32f3xx_hal_uart.o
        20          0          0          0          0       4202   stm32f3xx_it.o
        16          4         24          4          0       1139   system_stm32f3xx.o

    ----------------------------------------------------------------------
      9396        646        494         20       1748     756502   Object Totals
         0          0         32          0          0          0   (incl. Generated)
        12          0          2          0          0          0   (incl. Padding)

    ----------------------------------------------------------------------

      Code (inc. data)   RO Data    RW Data    ZI Data      Debug   Library Member Name

         8          0          0          0          0         68   __main.o
         0          0          0          0          0          0   __rtentry.o
        12          0          0          0          0          0   __rtentry2.o
         6          0          0          0          0          0   __rtentry4.o
        52          8          0          0          0          0   __scatter.o
        26          0          0          0          0          0   __scatter_copy.o
        28          0          0          0          0          0   __scatter_zi.o
        18          0          0          0          0         80   exit.o
         6          0          0          0          0        152   heapauxi.o
         0          0          0          0          0          0   indicate_semi.o
         2          0          0          0          0          0   libinit.o
         6          0          0          0          0          0   libinit2.o
         2          0          0          0          0          0   libshutdown.o
         2          0          0          0          0          0   libshutdown2.o
         8          4          0          0         96         68   libspace.o
       238          0          0          0          0        100   lludivv7m.o
        78          0          0          0          0         80   rt_memclr_w.o
         2          0          0          0          0          0   rtexit.o
        10          0          0          0          0          0   rtexit2.o
        12          4          0          0          0         68   sys_exit.o
        74          0          0          0          0         80   sys_stackheap_outer.o
         2          0          0          0          0         68   use_no_semi.o
        10          0          0          0          0        116   fpinit.o

    ----------------------------------------------------------------------
       610         16          0          0         96        880   Library Totals
         8          0          0          0          0          0   (incl. Padding)

    ----------------------------------------------------------------------

      Code (inc. data)   RO Data    RW Data    ZI Data      Debug   Library Name

       592         16          0          0         96        764   c_w.l
        10          0          0          0          0        116   fz_wm.l

    ----------------------------------------------------------------------
       610         16          0          0         96        880   Library Totals

    ----------------------------------------------------------------------

==============================================================================


      Code (inc. data)   RO Data    RW Data    ZI Data      Debug   

     10006        662        494         20       1844     752322   Grand Totals
     10006        662        494         20       1844     752322   ELF Image Totals
     10006        662        494         20          0          0   ROM Totals

==============================================================================

    Total RO  Size (Code + RO Data)                10500 (  10.25kB)
    Total RW  Size (RW Data + ZI Data)              1864 (   1.82kB)
    Total ROM Size (Code + RO Data + RW Data)      10520 (  10.27kB)

==============================================================================

